Archive member included to satisfy reference by file (symbol)

c:/st/stm32cubeide_1.6.1/stm32cubeide/plugins/com.st.stm32cube.ide.mcu.externaltools.gnu-tools-for-stm32.9-2020-q2-update.win32_1.5.0.202011040924/tools/bin/../lib/gcc/arm-none-eabi/9.3.1/../../../../arm-none-eabi/lib/thumb/v7e-m+fp/hard\libc_nano.a(lib_a-errno.o)
                              Core/Src/syscalls.o (__errno)
c:/st/stm32cubeide_1.6.1/stm32cubeide/plugins/com.st.stm32cube.ide.mcu.externaltools.gnu-tools-for-stm32.9-2020-q2-update.win32_1.5.0.202011040924/tools/bin/../lib/gcc/arm-none-eabi/9.3.1/../../../../arm-none-eabi/lib/thumb/v7e-m+fp/hard\libc_nano.a(lib_a-exit.o)
                              c:/st/stm32cubeide_1.6.1/stm32cubeide/plugins/com.st.stm32cube.ide.mcu.externaltools.gnu-tools-for-stm32.9-2020-q2-update.win32_1.5.0.202011040924/tools/bin/../lib/gcc/arm-none-eabi/9.3.1/../../../../arm-none-eabi/lib/thumb/v7e-m+fp/hard/crt0.o (exit)
c:/st/stm32cubeide_1.6.1/stm32cubeide/plugins/com.st.stm32cube.ide.mcu.externaltools.gnu-tools-for-stm32.9-2020-q2-update.win32_1.5.0.202011040924/tools/bin/../lib/gcc/arm-none-eabi/9.3.1/../../../../arm-none-eabi/lib/thumb/v7e-m+fp/hard\libc_nano.a(lib_a-impure.o)
                              c:/st/stm32cubeide_1.6.1/stm32cubeide/plugins/com.st.stm32cube.ide.mcu.externaltools.gnu-tools-for-stm32.9-2020-q2-update.win32_1.5.0.202011040924/tools/bin/../lib/gcc/arm-none-eabi/9.3.1/../../../../arm-none-eabi/lib/thumb/v7e-m+fp/hard\libc_nano.a(lib_a-exit.o) (_global_impure_ptr)
c:/st/stm32cubeide_1.6.1/stm32cubeide/plugins/com.st.stm32cube.ide.mcu.externaltools.gnu-tools-for-stm32.9-2020-q2-update.win32_1.5.0.202011040924/tools/bin/../lib/gcc/arm-none-eabi/9.3.1/../../../../arm-none-eabi/lib/thumb/v7e-m+fp/hard\libc_nano.a(lib_a-init.o)
                              c:/st/stm32cubeide_1.6.1/stm32cubeide/plugins/com.st.stm32cube.ide.mcu.externaltools.gnu-tools-for-stm32.9-2020-q2-update.win32_1.5.0.202011040924/tools/bin/../lib/gcc/arm-none-eabi/9.3.1/../../../../arm-none-eabi/lib/thumb/v7e-m+fp/hard/crt0.o (__libc_init_array)
c:/st/stm32cubeide_1.6.1/stm32cubeide/plugins/com.st.stm32cube.ide.mcu.externaltools.gnu-tools-for-stm32.9-2020-q2-update.win32_1.5.0.202011040924/tools/bin/../lib/gcc/arm-none-eabi/9.3.1/../../../../arm-none-eabi/lib/thumb/v7e-m+fp/hard\libc_nano.a(lib_a-memset.o)
                              c:/st/stm32cubeide_1.6.1/stm32cubeide/plugins/com.st.stm32cube.ide.mcu.externaltools.gnu-tools-for-stm32.9-2020-q2-update.win32_1.5.0.202011040924/tools/bin/../lib/gcc/arm-none-eabi/9.3.1/../../../../arm-none-eabi/lib/thumb/v7e-m+fp/hard/crt0.o (memset)

Allocating common symbols
Common symbol       size              file

uwTick              0x4               Drivers/STM32F3xx_HAL_Driver/stm32f3xx_hal.o
pFlash              0x20              Drivers/STM32F3xx_HAL_Driver/stm32f3xx_hal_flash.o
i                   0x1               Core/Src/main.o
y                   0xa               Core/Src/main.o

Discarded input sections

 .text          0x0000000000000000        0x0 c:/st/stm32cubeide_1.6.1/stm32cubeide/plugins/com.st.stm32cube.ide.mcu.externaltools.gnu-tools-for-stm32.9-2020-q2-update.win32_1.5.0.202011040924/tools/bin/../lib/gcc/arm-none-eabi/9.3.1/thumb/v7e-m+fp/hard/crti.o
 .data          0x0000000000000000        0x0 c:/st/stm32cubeide_1.6.1/stm32cubeide/plugins/com.st.stm32cube.ide.mcu.externaltools.gnu-tools-for-stm32.9-2020-q2-update.win32_1.5.0.202011040924/tools/bin/../lib/gcc/arm-none-eabi/9.3.1/thumb/v7e-m+fp/hard/crti.o
 .bss           0x0000000000000000        0x0 c:/st/stm32cubeide_1.6.1/stm32cubeide/plugins/com.st.stm32cube.ide.mcu.externaltools.gnu-tools-for-stm32.9-2020-q2-update.win32_1.5.0.202011040924/tools/bin/../lib/gcc/arm-none-eabi/9.3.1/thumb/v7e-m+fp/hard/crti.o
 .data          0x0000000000000000        0x4 c:/st/stm32cubeide_1.6.1/stm32cubeide/plugins/com.st.stm32cube.ide.mcu.externaltools.gnu-tools-for-stm32.9-2020-q2-update.win32_1.5.0.202011040924/tools/bin/../lib/gcc/arm-none-eabi/9.3.1/thumb/v7e-m+fp/hard/crtbegin.o
 .text          0x0000000000000000       0x7c c:/st/stm32cubeide_1.6.1/stm32cubeide/plugins/com.st.stm32cube.ide.mcu.externaltools.gnu-tools-for-stm32.9-2020-q2-update.win32_1.5.0.202011040924/tools/bin/../lib/gcc/arm-none-eabi/9.3.1/../../../../arm-none-eabi/lib/thumb/v7e-m+fp/hard/crt0.o
 .data          0x0000000000000000        0x0 c:/st/stm32cubeide_1.6.1/stm32cubeide/plugins/com.st.stm32cube.ide.mcu.externaltools.gnu-tools-for-stm32.9-2020-q2-update.win32_1.5.0.202011040924/tools/bin/../lib/gcc/arm-none-eabi/9.3.1/../../../../arm-none-eabi/lib/thumb/v7e-m+fp/hard/crt0.o
 .bss           0x0000000000000000        0x0 c:/st/stm32cubeide_1.6.1/stm32cubeide/plugins/com.st.stm32cube.ide.mcu.externaltools.gnu-tools-for-stm32.9-2020-q2-update.win32_1.5.0.202011040924/tools/bin/../lib/gcc/arm-none-eabi/9.3.1/../../../../arm-none-eabi/lib/thumb/v7e-m+fp/hard/crt0.o
[...]
Memory Configuration

Name             Origin             Length             Attributes
CCMRAM           0x0000000010000000 0x0000000000002000 xrw
RAM              0x0000000020000000 0x000000000000a000 xrw
FLASH            0x0000000008000000 0x0000000000040000 xr
*default*        0x0000000000000000 0xffffffffffffffff

Linker script and memory map

LOAD c:/st/stm32cubeide_1.6.1/stm32cubeide/plugins/com.st.stm32cube.ide.mcu.externaltools.gnu-tools-for-stm32.9-2020-q2-update.win32_1.5.0.202011040924/tools/bin/../lib/gcc/arm-none-eabi/9.3.1/thumb/v7e-m+fp/hard/crti.o
LOAD c:/st/stm32cubeide_1.6.1/stm32cubeide/plugins/com.st.stm32cube.ide.mcu.externaltools.gnu-tools-for-stm32.9-2020-q2-update.win32_1.5.0.202011040924/tools/bin/../lib/gcc/arm-none-eabi/9.3.1/thumb/v7e-m+fp/hard/crtbegin.o
LOAD c:/st/stm32cubeide_1.6.1/stm32cubeide/plugins/com.st.stm32cube.ide.mcu.externaltools.gnu-tools-for-stm32.9-2020-q2-update.win32_1.5.0.202011040924/tools/bin/../lib/gcc/arm-none-eabi/9.3.1/../../../../arm-none-eabi/lib/thumb/v7e-m+fp/hard/crt0.o
LOAD Core/Src/main.o
LOAD Core/Src/stm32f3xx_hal_msp.o
LOAD Core/Src/stm32f3xx_it.o
LOAD Core/Src/syscalls.o
LOAD Core/Src/sysmem.o
LOAD Core/Src/system_stm32f3xx.o
LOAD Core/Startup/startup_stm32f303vctx.o
LOAD Drivers/STM32F3xx_HAL_Driver/stm32f3xx_hal.o
LOAD Drivers/STM32F3xx_HAL_Driver/stm32f3xx_hal_cortex.o
LOAD Drivers/STM32F3xx_HAL_Driver/stm32f3xx_hal_dma.o
LOAD Drivers/STM32F3xx_HAL_Driver/stm32f3xx_hal_exti.o
LOAD Drivers/STM32F3xx_HAL_Driver/stm32f3xx_hal_flash.o
LOAD Drivers/STM32F3xx_HAL_Driver/stm32f3xx_hal_flash_ex.o
LOAD Drivers/STM32F3xx_HAL_Driver/stm32f3xx_hal_gpio.o
LOAD Drivers/STM32F3xx_HAL_Driver/stm32f3xx_hal_i2c.o
LOAD Drivers/STM32F3xx_HAL_Driver/stm32f3xx_hal_i2c_ex.o
LOAD Drivers/STM32F3xx_HAL_Driver/stm32f3xx_hal_pwr.o
LOAD Drivers/STM32F3xx_HAL_Driver/stm32f3xx_hal_pwr_ex.o
LOAD Drivers/STM32F3xx_HAL_Driver/stm32f3xx_hal_rcc.o
LOAD Drivers/STM32F3xx_HAL_Driver/stm32f3xx_hal_rcc_ex.o
LOAD Drivers/STM32F3xx_HAL_Driver/stm32f3xx_hal_tim.o
LOAD Drivers/STM32F3xx_HAL_Driver/stm32f3xx_hal_tim_ex.o
START GROUP
LOAD c:/st/stm32cubeide_1.6.1/stm32cubeide/plugins/com.st.stm32cube.ide.mcu.externaltools.gnu-tools-for-stm32.9-2020-q2-update.win32_1.5.0.202011040924/tools/bin/../lib/gcc/arm-none-eabi/9.3.1/../../../../arm-none-eabi/lib/thumb/v7e-m+fp/hard\libc_nano.a
LOAD c:/st/stm32cubeide_1.6.1/stm32cubeide/plugins/com.st.stm32cube.ide.mcu.externaltools.gnu-tools-for-stm32.9-2020-q2-update.win32_1.5.0.202011040924/tools/bin/../lib/gcc/arm-none-eabi/9.3.1/../../../../arm-none-eabi/lib/thumb/v7e-m+fp/hard\libm.a
END GROUP
START GROUP
LOAD c:/st/stm32cubeide_1.6.1/stm32cubeide/plugins/com.st.stm32cube.ide.mcu.externaltools.gnu-tools-for-stm32.9-2020-q2-update.win32_1.5.0.202011040924/tools/bin/../lib/gcc/arm-none-eabi/9.3.1/thumb/v7e-m+fp/hard\libgcc.a
LOAD c:/st/stm32cubeide_1.6.1/stm32cubeide/plugins/com.st.stm32cube.ide.mcu.externaltools.gnu-tools-for-stm32.9-2020-q2-update.win32_1.5.0.202011040924/tools/bin/../lib/gcc/arm-none-eabi/9.3.1/../../../../arm-none-eabi/lib/thumb/v7e-m+fp/hard\libc_nano.a
END GROUP
START GROUP
LOAD c:/st/stm32cubeide_1.6.1/stm32cubeide/plugins/com.st.stm32cube.ide.mcu.externaltools.gnu-tools-for-stm32.9-2020-q2-update.win32_1.5.0.202011040924/tools/bin/../lib/gcc/arm-none-eabi/9.3.1/thumb/v7e-m+fp/hard\libgcc.a
LOAD c:/st/stm32cubeide_1.6.1/stm32cubeide/plugins/com.st.stm32cube.ide.mcu.externaltools.gnu-tools-for-stm32.9-2020-q2-update.win32_1.5.0.202011040924/tools/bin/../lib/gcc/arm-none-eabi/9.3.1/../../../../arm-none-eabi/lib/thumb/v7e-m+fp/hard\libc_nano.a
LOAD c:/st/stm32cubeide_1.6.1/stm32cubeide/plugins/com.st.stm32cube.ide.mcu.externaltools.gnu-tools-for-stm32.9-2020-q2-update.win32_1.5.0.202011040924/tools/bin/../lib/gcc/arm-none-eabi/9.3.1/../../../../arm-none-eabi/lib/thumb/v7e-m+fp/hard\libnosys.a
END GROUP
START GROUP
LOAD c:/st/stm32cubeide_1.6.1/stm32cubeide/plugins/com.st.stm32cube.ide.mcu.externaltools.gnu-tools-for-stm32.9-2020-q2-update.win32_1.5.0.202011040924/tools/bin/../lib/gcc/arm-none-eabi/9.3.1/thumb/v7e-m+fp/hard\libgcc.a
LOAD c:/st/stm32cubeide_1.6.1/stm32cubeide/plugins/com.st.stm32cube.ide.mcu.externaltools.gnu-tools-for-stm32.9-2020-q2-update.win32_1.5.0.202011040924/tools/bin/../lib/gcc/arm-none-eabi/9.3.1/../../../../arm-none-eabi/lib/thumb/v7e-m+fp/hard\libc_nano.a
LOAD c:/st/stm32cubeide_1.6.1/stm32cubeide/plugins/com.st.stm32cube.ide.mcu.externaltools.gnu-tools-for-stm32.9-2020-q2-update.win32_1.5.0.202011040924/tools/bin/../lib/gcc/arm-none-eabi/9.3.1/../../../../arm-none-eabi/lib/thumb/v7e-m+fp/hard\libnosys.a
END GROUP
LOAD c:/st/stm32cubeide_1.6.1/stm32cubeide/plugins/com.st.stm32cube.ide.mcu.externaltools.gnu-tools-for-stm32.9-2020-q2-update.win32_1.5.0.202011040924/tools/bin/../lib/gcc/arm-none-eabi/9.3.1/thumb/v7e-m+fp/hard/crtend.o
LOAD c:/st/stm32cubeide_1.6.1/stm32cubeide/plugins/com.st.stm32cube.ide.mcu.externaltools.gnu-tools-for-stm32.9-2020-q2-update.win32_1.5.0.202011040924/tools/bin/../lib/gcc/arm-none-eabi/9.3.1/thumb/v7e-m+fp/hard/crtn.o
                0x000000002000a000                _estack = (ORIGIN (RAM) + LENGTH (RAM))
                0x0000000000000200                _Min_Heap_Size = 0x200
                0x0000000000000400                _Min_Stack_Size = 0x400

.isr_vector     0x0000000008000000      0x188
                0x0000000008000000                . = ALIGN (0x4)
 *(.isr_vector)
 .isr_vector    0x0000000008000000      0x188 Core/Startup/startup_stm32f303vctx.o
                0x0000000008000000                g_pfnVectors
                0x0000000008000188                . = ALIGN (0x4)

.text           0x0000000008000188     0x170c
                0x0000000008000188                . = ALIGN (0x4)
 *(.text)
 .text          0x0000000008000188       0x40 c:/st/stm32cubeide_1.6.1/stm32cubeide/plugins/com.st.stm32cube.ide.mcu.externaltools.gnu-tools-for-stm32.9-2020-q2-update.win32_1.5.0.202011040924/tools/bin/../lib/gcc/arm-none-eabi/9.3.1/thumb/v7e-m+fp/hard/crtbegin.o
 *(.text*)
 .text.main     0x00000000080001c8       0x48 Core/Src/main.o
                0x00000000080001c8                main
 .text.SystemClock_Config
                0x0000000008000210       0x80 Core/Src/main.o
                0x0000000008000210                SystemClock_Config
 .text.Error_Handler
                0x0000000008000290        0xa Core/Src/main.o
                0x0000000008000290                Error_Handler
 *fill*         0x000000000800029a        0x2 
 .text.HAL_MspInit
                0x000000000800029c       0x48 Core/Src/stm32f3xx_hal_msp.o
                0x000000000800029c                HAL_MspInit
 .text.NMI_Handler
                0x00000000080002e4        0x6 Core/Src/stm32f3xx_it.o
                0x00000000080002e4                NMI_Handler
 .text.HardFault_Handler
                0x00000000080002ea        0x6 Core/Src/stm32f3xx_it.o
                0x00000000080002ea                HardFault_Handler
 .text.MemManage_Handler
                0x00000000080002f0        0x6 Core/Src/stm32f3xx_it.o
                0x00000000080002f0                MemManage_Handler
 .text.BusFault_Handler
                0x00000000080002f6        0x6 Core/Src/stm32f3xx_it.o
                0x00000000080002f6                BusFault_Handler
 .text.UsageFault_Handler
                0x00000000080002fc        0x6 Core/Src/stm32f3xx_it.o
                0x00000000080002fc                UsageFault_Handler
 .text.SVC_Handler
                0x0000000008000302        0xe Core/Src/stm32f3xx_it.o
                0x0000000008000302                SVC_Handler
 .text.DebugMon_Handler
                0x0000000008000310        0xe Core/Src/stm32f3xx_it.o
                0x0000000008000310                DebugMon_Handler
 .text.PendSV_Handler
                0x000000000800031e        0xe Core/Src/stm32f3xx_it.o
                0x000000000800031e                PendSV_Handler
 .text.SysTick_Handler
                0x000000000800032c        0xc Core/Src/stm32f3xx_it.o
                0x000000000800032c                SysTick_Handler
 .text.SystemInit
                0x0000000008000338       0x24 Core/Src/system_stm32f3xx.o
                0x0000000008000338                SystemInit
 .text.Reset_Handler
                0x000000000800035c       0x50 Core/Startup/startup_stm32f303vctx.o
                0x000000000800035c                Reset_Handler
 .text.Default_Handler
                0x00000000080003ac        0x2 Core/Startup/startup_stm32f303vctx.o
                0x00000000080003ac                RTC_Alarm_IRQHandler
                0x00000000080003ac                TIM8_TRG_COM_IRQHandler
                0x00000000080003ac                TIM8_CC_IRQHandler
                0x00000000080003ac                TIM1_CC_IRQHandler
                0x00000000080003ac                USB_HP_IRQHandler
                0x00000000080003ac                PVD_IRQHandler
                0x00000000080003ac                TAMP_STAMP_IRQHandler
                0x00000000080003ac                EXTI3_IRQHandler
                0x00000000080003ac                USB_HP_CAN_TX_IRQHandler
                0x00000000080003ac                EXTI0_IRQHandler
                0x00000000080003ac                I2C2_EV_IRQHandler
                0x00000000080003ac                FPU_IRQHandler
                0x00000000080003ac                TIM1_UP_TIM16_IRQHandler
                0x00000000080003ac                ADC1_2_IRQHandler
                0x00000000080003ac                SPI1_IRQHandler
                0x00000000080003ac                CAN_SCE_IRQHandler
                0x00000000080003ac                TIM6_DAC_IRQHandler
                0x00000000080003ac                TIM8_UP_IRQHandler
                0x00000000080003ac                DMA2_Channel2_IRQHandler
                0x00000000080003ac                DMA1_Channel4_IRQHandler
                0x00000000080003ac                USART3_IRQHandler
                0x00000000080003ac                DMA1_Channel7_IRQHandler
                0x00000000080003ac                UART5_IRQHandler
                0x00000000080003ac                ADC3_IRQHandler
                0x00000000080003ac                TIM4_IRQHandler
                0x00000000080003ac                CAN_RX1_IRQHandler
                0x00000000080003ac                DMA2_Channel1_IRQHandler
                0x00000000080003ac                I2C1_EV_IRQHandler
                0x00000000080003ac                DMA1_Channel6_IRQHandler
                0x00000000080003ac                UART4_IRQHandler
                0x00000000080003ac                DMA2_Channel4_IRQHandler
                0x00000000080003ac                TIM3_IRQHandler
                0x00000000080003ac                RCC_IRQHandler
                0x00000000080003ac                DMA1_Channel1_IRQHandler
                0x00000000080003ac                Default_Handler
                0x00000000080003ac                USBWakeUp_RMP_IRQHandler
                0x00000000080003ac                EXTI15_10_IRQHandler
                0x00000000080003ac                TIM7_IRQHandler
                0x00000000080003ac                EXTI9_5_IRQHandler
                0x00000000080003ac                RTC_WKUP_IRQHandler
                0x00000000080003ac                SPI2_IRQHandler
                0x00000000080003ac                USB_LP_CAN_RX0_IRQHandler
                0x00000000080003ac                DMA2_Channel5_IRQHandler
                0x00000000080003ac                DMA1_Channel5_IRQHandler
                0x00000000080003ac                USB_LP_IRQHandler
                0x00000000080003ac                EXTI4_IRQHandler
                0x00000000080003ac                TIM1_TRG_COM_TIM17_IRQHandler
                0x00000000080003ac                DMA1_Channel3_IRQHandler
                0x00000000080003ac                ADC4_IRQHandler
                0x00000000080003ac                WWDG_IRQHandler
                0x00000000080003ac                TIM2_IRQHandler
                0x00000000080003ac                COMP7_IRQHandler
                0x00000000080003ac                COMP1_2_3_IRQHandler
                0x00000000080003ac                EXTI1_IRQHandler
                0x00000000080003ac                USART2_IRQHandler
                0x00000000080003ac                COMP4_5_6_IRQHandler
                0x00000000080003ac                I2C2_ER_IRQHandler
                0x00000000080003ac                DMA1_Channel2_IRQHandler
                0x00000000080003ac                TIM8_BRK_IRQHandler
                0x00000000080003ac                FLASH_IRQHandler
                0x00000000080003ac                USART1_IRQHandler
                0x00000000080003ac                SPI3_IRQHandler
                0x00000000080003ac                I2C1_ER_IRQHandler
                0x00000000080003ac                USBWakeUp_IRQHandler
                0x00000000080003ac                DMA2_Channel3_IRQHandler
                0x00000000080003ac                EXTI2_TSC_IRQHandler
                0x00000000080003ac                TIM1_BRK_TIM15_IRQHandler
 *fill*         0x00000000080003ae        0x2 
 .text.HAL_Init
                0x00000000080003b0       0x2c Drivers/STM32F3xx_HAL_Driver/stm32f3xx_hal.o
                0x00000000080003b0                HAL_Init
 .text.HAL_InitTick
                0x00000000080003dc       0x60 Drivers/STM32F3xx_HAL_Driver/stm32f3xx_hal.o
                0x00000000080003dc                HAL_InitTick
 .text.HAL_IncTick
                0x000000000800043c       0x28 Drivers/STM32F3xx_HAL_Driver/stm32f3xx_hal.o
                0x000000000800043c                HAL_IncTick
 .text.HAL_GetTick
                0x0000000008000464       0x18 Drivers/STM32F3xx_HAL_Driver/stm32f3xx_hal.o
                0x0000000008000464                HAL_GetTick
 .text.__NVIC_SetPriorityGrouping
                0x000000000800047c       0x48 Drivers/STM32F3xx_HAL_Driver/stm32f3xx_hal_cortex.o
 .text.__NVIC_GetPriorityGrouping
                0x00000000080004c4       0x1c Drivers/STM32F3xx_HAL_Driver/stm32f3xx_hal_cortex.o
 .text.__NVIC_SetPriority
                0x00000000080004e0       0x54 Drivers/STM32F3xx_HAL_Driver/stm32f3xx_hal_cortex.o
 .text.NVIC_EncodePriority
                0x0000000008000534       0x66 Drivers/STM32F3xx_HAL_Driver/stm32f3xx_hal_cortex.o
 *fill*         0x000000000800059a        0x2 
 .text.SysTick_Config
                0x000000000800059c       0x44 Drivers/STM32F3xx_HAL_Driver/stm32f3xx_hal_cortex.o
 .text.HAL_NVIC_SetPriorityGrouping
                0x00000000080005e0       0x16 Drivers/STM32F3xx_HAL_Driver/stm32f3xx_hal_cortex.o
                0x00000000080005e0                HAL_NVIC_SetPriorityGrouping
 .text.HAL_NVIC_SetPriority
                0x00000000080005f6       0x38 Drivers/STM32F3xx_HAL_Driver/stm32f3xx_hal_cortex.o
                0x00000000080005f6                HAL_NVIC_SetPriority
 .text.HAL_SYSTICK_Config
                0x000000000800062e       0x18 Drivers/STM32F3xx_HAL_Driver/stm32f3xx_hal_cortex.o
                0x000000000800062e                HAL_SYSTICK_Config
 *fill*         0x0000000008000646        0x2 
 .text.HAL_RCC_OscConfig
                0x0000000008000648      0xe10 Drivers/STM32F3xx_HAL_Driver/stm32f3xx_hal_rcc.o
                0x0000000008000648                HAL_RCC_OscConfig
 .text.HAL_RCC_ClockConfig
                0x0000000008001458      0x2f8 Drivers/STM32F3xx_HAL_Driver/stm32f3xx_hal_rcc.o
                0x0000000008001458                HAL_RCC_ClockConfig
 .text.HAL_RCC_GetSysClockFreq
                0x0000000008001750       0xd4 Drivers/STM32F3xx_HAL_Driver/stm32f3xx_hal_rcc.o
                0x0000000008001750                HAL_RCC_GetSysClockFreq
 .text.__libc_init_array
                0x0000000008001824       0x48 c:/st/stm32cubeide_1.6.1/stm32cubeide/plugins/com.st.stm32cube.ide.mcu.externaltools.gnu-tools-for-stm32.9-2020-q2-update.win32_1.5.0.202011040924/tools/bin/../lib/gcc/arm-none-eabi/9.3.1/../../../../arm-none-eabi/lib/thumb/v7e-m+fp/hard\libc_nano.a(lib_a-init.o)
                0x0000000008001824                __libc_init_array
 .text.memset   0x000000000800186c       0x10 c:/st/stm32cubeide_1.6.1/stm32cubeide/plugins/com.st.stm32cube.ide.mcu.externaltools.gnu-tools-for-stm32.9-2020-q2-update.win32_1.5.0.202011040924/tools/bin/../lib/gcc/arm-none-eabi/9.3.1/../../../../arm-none-eabi/lib/thumb/v7e-m+fp/hard\libc_nano.a(lib_a-memset.o)
                0x000000000800186c                memset
 *(.glue_7)
 .glue_7        0x000000000800187c        0x0 linker stubs
 *(.glue_7t)
 .glue_7t       0x000000000800187c        0x0 linker stubs
 *(.eh_frame)
 .eh_frame      0x000000000800187c        0x0 c:/st/stm32cubeide_1.6.1/stm32cubeide/plugins/com.st.stm32cube.ide.mcu.externaltools.gnu-tools-for-stm32.9-2020-q2-update.win32_1.5.0.202011040924/tools/bin/../lib/gcc/arm-none-eabi/9.3.1/thumb/v7e-m+fp/hard/crtbegin.o
 *(.init)
 .init          0x000000000800187c        0x4 c:/st/stm32cubeide_1.6.1/stm32cubeide/plugins/com.st.stm32cube.ide.mcu.externaltools.gnu-tools-for-stm32.9-2020-q2-update.win32_1.5.0.202011040924/tools/bin/../lib/gcc/arm-none-eabi/9.3.1/thumb/v7e-m+fp/hard/crti.o
                0x000000000800187c                _init
 .init          0x0000000008001880        0x8 c:/st/stm32cubeide_1.6.1/stm32cubeide/plugins/com.st.stm32cube.ide.mcu.externaltools.gnu-tools-for-stm32.9-2020-q2-update.win32_1.5.0.202011040924/tools/bin/../lib/gcc/arm-none-eabi/9.3.1/thumb/v7e-m+fp/hard/crtn.o
 *(.fini)
 .fini          0x0000000008001888        0x4 c:/st/stm32cubeide_1.6.1/stm32cubeide/plugins/com.st.stm32cube.ide.mcu.externaltools.gnu-tools-for-stm32.9-2020-q2-update.win32_1.5.0.202011040924/tools/bin/../lib/gcc/arm-none-eabi/9.3.1/thumb/v7e-m+fp/hard/crti.o
                0x0000000008001888                _fini
 .fini          0x000000000800188c        0x8 c:/st/stm32cubeide_1.6.1/stm32cubeide/plugins/com.st.stm32cube.ide.mcu.externaltools.gnu-tools-for-stm32.9-2020-q2-update.win32_1.5.0.202011040924/tools/bin/../lib/gcc/arm-none-eabi/9.3.1/thumb/v7e-m+fp/hard/crtn.o
                0x0000000008001894                . = ALIGN (0x4)
                0x0000000008001894                _etext = .

.vfp11_veneer   0x0000000008001894        0x0
 .vfp11_veneer  0x0000000008001894        0x0 linker stubs

.v4_bx          0x0000000008001894        0x0
 .v4_bx         0x0000000008001894        0x0 linker stubs

.iplt           0x0000000008001894        0x0
 .iplt          0x0000000008001894        0x0 c:/st/stm32cubeide_1.6.1/stm32cubeide/plugins/com.st.stm32cube.ide.mcu.externaltools.gnu-tools-for-stm32.9-2020-q2-update.win32_1.5.0.202011040924/tools/bin/../lib/gcc/arm-none-eabi/9.3.1/thumb/v7e-m+fp/hard/crtbegin.o

.rodata         0x0000000008001894       0x30
                0x0000000008001894                . = ALIGN (0x4)
 *(.rodata)
 *(.rodata*)
 .rodata.AHBPrescTable
                0x0000000008001894       0x10 Core/Src/system_stm32f3xx.o
                0x0000000008001894                AHBPrescTable
 .rodata.aPLLMULFactorTable
                0x00000000080018a4       0x10 Drivers/STM32F3xx_HAL_Driver/stm32f3xx_hal_rcc.o
 .rodata.aPredivFactorTable
                0x00000000080018b4       0x10 Drivers/STM32F3xx_HAL_Driver/stm32f3xx_hal_rcc.o
                0x00000000080018c4                . = ALIGN (0x4)

.rel.dyn        0x00000000080018c4        0x0
 .rel.iplt      0x00000000080018c4        0x0 c:/st/stm32cubeide_1.6.1/stm32cubeide/plugins/com.st.stm32cube.ide.mcu.externaltools.gnu-tools-for-stm32.9-2020-q2-update.win32_1.5.0.202011040924/tools/bin/../lib/gcc/arm-none-eabi/9.3.1/thumb/v7e-m+fp/hard/crtbegin.o

.ARM.extab      0x00000000080018c4        0x0
                0x00000000080018c4                . = ALIGN (0x4)
 *(.ARM.extab* .gnu.linkonce.armextab.*)
                0x00000000080018c4                . = ALIGN (0x4)

.ARM            0x00000000080018c4        0x0
                0x00000000080018c4                . = ALIGN (0x4)
                0x00000000080018c4                __exidx_start = .
 *(.ARM.exidx*)
                0x00000000080018c4                __exidx_end = .
                0x00000000080018c4                . = ALIGN (0x4)

.preinit_array  0x00000000080018c4        0x0
                0x00000000080018c4                . = ALIGN (0x4)
                0x00000000080018c4                PROVIDE (__preinit_array_start = .)
 *(.preinit_array*)
                0x00000000080018c4                PROVIDE (__preinit_array_end = .)
                0x00000000080018c4                . = ALIGN (0x4)

.init_array     0x00000000080018c4        0x4
                0x00000000080018c4                . = ALIGN (0x4)
                0x00000000080018c4                PROVIDE (__init_array_start = .)
 *(SORT_BY_NAME(.init_array.*))
 *(.init_array*)
 .init_array    0x00000000080018c4        0x4 c:/st/stm32cubeide_1.6.1/stm32cubeide/plugins/com.st.stm32cube.ide.mcu.externaltools.gnu-tools-for-stm32.9-2020-q2-update.win32_1.5.0.202011040924/tools/bin/../lib/gcc/arm-none-eabi/9.3.1/thumb/v7e-m+fp/hard/crtbegin.o
                0x00000000080018c8                PROVIDE (__init_array_end = .)
                0x00000000080018c8                . = ALIGN (0x4)

.fini_array     0x00000000080018c8        0x4
                0x00000000080018c8                . = ALIGN (0x4)
                [!provide]                        PROVIDE (__fini_array_start = .)
 *(SORT_BY_NAME(.fini_array.*))
 *(.fini_array*)
 .fini_array    0x00000000080018c8        0x4 c:/st/stm32cubeide_1.6.1/stm32cubeide/plugins/com.st.stm32cube.ide.mcu.externaltools.gnu-tools-for-stm32.9-2020-q2-update.win32_1.5.0.202011040924/tools/bin/../lib/gcc/arm-none-eabi/9.3.1/thumb/v7e-m+fp/hard/crtbegin.o
                [!provide]                        PROVIDE (__fini_array_end = .)
                0x00000000080018cc                . = ALIGN (0x4)
                0x00000000080018cc                _sidata = LOADADDR (.data)

.data           0x0000000020000000        0xc load address 0x00000000080018cc
                0x0000000020000000                . = ALIGN (0x4)
                0x0000000020000000                _sdata = .
 *(.data)
 *(.data*)
 .data.SystemCoreClock
                0x0000000020000000        0x4 Core/Src/system_stm32f3xx.o
                0x0000000020000000                SystemCoreClock
 .data.uwTickPrio
                0x0000000020000004        0x4 Drivers/STM32F3xx_HAL_Driver/stm32f3xx_hal.o
                0x0000000020000004                uwTickPrio
 .data.uwTickFreq
                0x0000000020000008        0x1 Drivers/STM32F3xx_HAL_Driver/stm32f3xx_hal.o
                0x0000000020000008                uwTickFreq
 *(.RamFunc)
 *(.RamFunc*)
                0x000000002000000c                . = ALIGN (0x4)
 *fill*         0x0000000020000009        0x3 
                0x000000002000000c                _edata = .

.igot.plt       0x000000002000000c        0x0 load address 0x00000000080018d8
 .igot.plt      0x000000002000000c        0x0 c:/st/stm32cubeide_1.6.1/stm32cubeide/plugins/com.st.stm32cube.ide.mcu.externaltools.gnu-tools-for-stm32.9-2020-q2-update.win32_1.5.0.202011040924/tools/bin/../lib/gcc/arm-none-eabi/9.3.1/thumb/v7e-m+fp/hard/crtbegin.o
                0x000000002000000c                . = ALIGN (0x4)

.bss            0x000000002000000c       0x30 load address 0x00000000080018d8
                0x000000002000000c                _sbss = .
                0x000000002000000c                __bss_start__ = _sbss
 *(.bss)
 .bss           0x000000002000000c       0x1c c:/st/stm32cubeide_1.6.1/stm32cubeide/plugins/com.st.stm32cube.ide.mcu.externaltools.gnu-tools-for-stm32.9-2020-q2-update.win32_1.5.0.202011040924/tools/bin/../lib/gcc/arm-none-eabi/9.3.1/thumb/v7e-m+fp/hard/crtbegin.o
 *(.bss*)
 *(COMMON)
 COMMON         0x0000000020000028        0xe Core/Src/main.o
                0x0000000020000028                i
                0x000000002000002c                y
 *fill*         0x0000000020000036        0x2 
 COMMON         0x0000000020000038        0x4 Drivers/STM32F3xx_HAL_Driver/stm32f3xx_hal.o
                0x0000000020000038                uwTick
                0x000000002000003c                . = ALIGN (0x4)
                0x000000002000003c                _ebss = .
                0x000000002000003c                __bss_end__ = _ebss

._user_heap_stack
                0x000000002000003c      0x604 load address 0x00000000080018d8
                0x0000000020000040                . = ALIGN (0x8)
 *fill*         0x000000002000003c        0x4 
                [!provide]                        PROVIDE (end = .)
                0x0000000020000040                PROVIDE (_end = .)
                0x0000000020000240                . = (. + _Min_Heap_Size)
 *fill*         0x0000000020000040      0x200 
                0x0000000020000640                . = (. + _Min_Stack_Size)
 *fill*         0x0000000020000240      0x400 
                0x0000000020000640                . = ALIGN (0x8)

/DISCARD/
 libc.a(*)
 libm.a(*)
 libgcc.a(*)

.ARM.attributes
                0x0000000000000000       0x30
 *(.ARM.attributes)
 .ARM.attributes
                0x0000000000000000       0x1e c:/st/stm32cubeide_1.6.1/stm32cubeide/plugins/com.st.stm32cube.ide.mcu.externaltools.gnu-tools-for-stm32.9-2020-q2-update.win32_1.5.0.202011040924/tools/bin/../lib/gcc/arm-none-eabi/9.3.1/thumb/v7e-m+fp/hard/crti.o
 .ARM.attributes
                0x000000000000001e       0x34 c:/st/stm32cubeide_1.6.1/stm32cubeide/plugins/com.st.stm32cube.ide.mcu.externaltools.gnu-tools-for-stm32.9-2020-q2-update.win32_1.5.0.202011040924/tools/bin/../lib/gcc/arm-none-eabi/9.3.1/thumb/v7e-m+fp/hard/crtbegin.o
 .ARM.attributes
                0x0000000000000052       0x34 Core/Src/main.o
 .ARM.attributes
                0x0000000000000086       0x34 Core/Src/stm32f3xx_hal_msp.o
 .ARM.attributes
                0x00000000000000ba       0x34 Core/Src/stm32f3xx_it.o
 .ARM.attributes
                0x00000000000000ee       0x34 Core/Src/system_stm32f3xx.o
 .ARM.attributes
                0x0000000000000122       0x21 Core/Startup/startup_stm32f303vctx.o
 .ARM.attributes
                0x0000000000000143       0x34 Drivers/STM32F3xx_HAL_Driver/stm32f3xx_hal.o
 .ARM.attributes
                0x0000000000000177       0x34 Drivers/STM32F3xx_HAL_Driver/stm32f3xx_hal_cortex.o
 .ARM.attributes
                0x00000000000001ab       0x34 Drivers/STM32F3xx_HAL_Driver/stm32f3xx_hal_rcc.o
 .ARM.attributes
                0x00000000000001df       0x34 c:/st/stm32cubeide_1.6.1/stm32cubeide/plugins/com.st.stm32cube.ide.mcu.externaltools.gnu-tools-for-stm32.9-2020-q2-update.win32_1.5.0.202011040924/tools/bin/../lib/gcc/arm-none-eabi/9.3.1/../../../../arm-none-eabi/lib/thumb/v7e-m+fp/hard\libc_nano.a(lib_a-init.o)
 .ARM.attributes
                0x0000000000000213       0x34 c:/st/stm32cubeide_1.6.1/stm32cubeide/plugins/com.st.stm32cube.ide.mcu.externaltools.gnu-tools-for-stm32.9-2020-q2-update.win32_1.5.0.202011040924/tools/bin/../lib/gcc/arm-none-eabi/9.3.1/../../../../arm-none-eabi/lib/thumb/v7e-m+fp/hard\libc_nano.a(lib_a-memset.o)
 .ARM.attributes
                0x0000000000000247       0x1e c:/st/stm32cubeide_1.6.1/stm32cubeide/plugins/com.st.stm32cube.ide.mcu.externaltools.gnu-tools-for-stm32.9-2020-q2-update.win32_1.5.0.202011040924/tools/bin/../lib/gcc/arm-none-eabi/9.3.1/thumb/v7e-m+fp/hard/crtn.o
OUTPUT(Test2.elf elf32-littlearm)
LOAD linker stubs
LOAD c:/st/stm32cubeide_1.6.1/stm32cubeide/plugins/com.st.stm32cube.ide.mcu.externaltools.gnu-tools-for-stm32.9-2020-q2-update.win32_1.5.0.202011040924/tools/bin/../lib/gcc/arm-none-eabi/9.3.1/../../../../arm-none-eabi/lib/thumb/v7e-m+fp/hard\libc.a
LOAD c:/st/stm32cubeide_1.6.1/stm32cubeide/plugins/com.st.stm32cube.ide.mcu.externaltools.gnu-tools-for-stm32.9-2020-q2-update.win32_1.5.0.202011040924/tools/bin/../lib/gcc/arm-none-eabi/9.3.1/../../../../arm-none-eabi/lib/thumb/v7e-m+fp/hard\libm.a
LOAD c:/st/stm32cubeide_1.6.1/stm32cubeide/plugins/com.st.stm32cube.ide.mcu.externaltools.gnu-tools-for-stm32.9-2020-q2-update.win32_1.5.0.202011040924/tools/bin/../lib/gcc/arm-none-eabi/9.3.1/thumb/v7e-m+fp/hard\libgcc.a

.debug_info     0x0000000000000000     0x392a
 .debug_info    0x0000000000000000      0x37b Core/Src/main.o
 .debug_info    0x000000000000037b      0x299 Core/Src/stm32f3xx_hal_msp.o
 .debug_info    0x0000000000000614      0x225 Core/Src/stm32f3xx_it.o
 .debug_info    0x0000000000000839      0x49a Core/Src/system_stm32f3xx.o
 .debug_info    0x0000000000000cd3       0x22 Core/Startup/startup_stm32f303vctx.o
 .debug_info    0x0000000000000cf5      0x83d Drivers/STM32F3xx_HAL_Driver/stm32f3xx_hal.o
 .debug_info    0x0000000000001532      0xe44 Drivers/STM32F3xx_HAL_Driver/stm32f3xx_hal_cortex.o
 .debug_info    0x0000000000002376     0x15b4 Drivers/STM32F3xx_HAL_Driver/stm32f3xx_hal_rcc.o

.debug_abbrev   0x0000000000000000      0xcb8
 .debug_abbrev  0x0000000000000000      0x198 Core/Src/main.o
 .debug_abbrev  0x0000000000000198      0x11d Core/Src/stm32f3xx_hal_msp.o
 .debug_abbrev  0x00000000000002b5       0xd2 Core/Src/stm32f3xx_it.o
 .debug_abbrev  0x0000000000000387      0x145 Core/Src/system_stm32f3xx.o
 .debug_abbrev  0x00000000000004cc       0x12 Core/Startup/startup_stm32f303vctx.o
 .debug_abbrev  0x00000000000004de      0x1ed Drivers/STM32F3xx_HAL_Driver/stm32f3xx_hal.o
 .debug_abbrev  0x00000000000006cb      0x33c Drivers/STM32F3xx_HAL_Driver/stm32f3xx_hal_cortex.o
 .debug_abbrev  0x0000000000000a07      0x2b1 Drivers/STM32F3xx_HAL_Driver/stm32f3xx_hal_rcc.o

.debug_aranges  0x0000000000000000      0x380
 .debug_aranges
                0x0000000000000000       0x30 Core/Src/main.o
 .debug_aranges
                0x0000000000000030       0x20 Core/Src/stm32f3xx_hal_msp.o
 .debug_aranges
                0x0000000000000050       0x60 Core/Src/stm32f3xx_it.o
 .debug_aranges
                0x00000000000000b0       0x28 Core/Src/system_stm32f3xx.o
 .debug_aranges
                0x00000000000000d8       0x28 Core/Startup/startup_stm32f303vctx.o
 .debug_aranges
                0x0000000000000100       0xe0 Drivers/STM32F3xx_HAL_Driver/stm32f3xx_hal.o
 .debug_aranges
                0x00000000000001e0      0x118 Drivers/STM32F3xx_HAL_Driver/stm32f3xx_hal_cortex.o
 .debug_aranges
                0x00000000000002f8       0x88 Drivers/STM32F3xx_HAL_Driver/stm32f3xx_hal_rcc.o

.debug_ranges   0x0000000000000000      0x308
 .debug_ranges  0x0000000000000000       0x20 Core/Src/main.o
 .debug_ranges  0x0000000000000020       0x10 Core/Src/stm32f3xx_hal_msp.o
 .debug_ranges  0x0000000000000030       0x50 Core/Src/stm32f3xx_it.o
 .debug_ranges  0x0000000000000080       0x18 Core/Src/system_stm32f3xx.o
 .debug_ranges  0x0000000000000098       0x20 Core/Startup/startup_stm32f303vctx.o
 .debug_ranges  0x00000000000000b8       0xd0 Drivers/STM32F3xx_HAL_Driver/stm32f3xx_hal.o
 .debug_ranges  0x0000000000000188      0x108 Drivers/STM32F3xx_HAL_Driver/stm32f3xx_hal_cortex.o
 .debug_ranges  0x0000000000000290       0x78 Drivers/STM32F3xx_HAL_Driver/stm32f3xx_hal_rcc.o

.debug_macro    0x0000000000000000    0x1b41f
 .debug_macro   0x0000000000000000      0x1b9 Core/Src/main.o
 .debug_macro   0x00000000000001b9      0xaa8 Core/Src/main.o
 .debug_macro   0x0000000000000c61      0x14b Core/Src/main.o
 .debug_macro   0x0000000000000dac       0x2e Core/Src/main.o
 .debug_macro   0x0000000000000dda       0x28 Core/Src/main.o
 .debug_macro   0x0000000000000e02       0x22 Core/Src/main.o
 .debug_macro   0x0000000000000e24       0x8e Core/Src/main.o
 .debug_macro   0x0000000000000eb2       0x51 Core/Src/main.o
 .debug_macro   0x0000000000000f03      0x103 Core/Src/main.o
 .debug_macro   0x0000000000001006       0x6a Core/Src/main.o
 .debug_macro   0x0000000000001070      0x1df Core/Src/main.o
 .debug_macro   0x000000000000124f       0x1c Core/Src/main.o
 .debug_macro   0x000000000000126b       0x22 Core/Src/main.o
 .debug_macro   0x000000000000128d       0xdf Core/Src/main.o
 .debug_macro   0x000000000000136c     0x102d Core/Src/main.o
 .debug_macro   0x0000000000002399      0x11f Core/Src/main.o
 .debug_macro   0x00000000000024b8    0x12a3a Core/Src/main.o
 .debug_macro   0x0000000000014ef2       0x6d Core/Src/main.o
 .debug_macro   0x0000000000014f5f     0x3558 Core/Src/main.o
 .debug_macro   0x00000000000184b7      0x174 Core/Src/main.o
 .debug_macro   0x000000000001862b       0x55 Core/Src/main.o
 .debug_macro   0x0000000000018680      0x961 Core/Src/main.o
 .debug_macro   0x0000000000018fe1      0x5fe Core/Src/main.o
 .debug_macro   0x00000000000195df      0x1b5 Core/Src/main.o
 .debug_macro   0x0000000000019794      0x1fb Core/Src/main.o
 .debug_macro   0x000000000001998f      0x1dc Core/Src/main.o
 .debug_macro   0x0000000000019b6b      0x1bc Core/Src/main.o
 .debug_macro   0x0000000000019d27       0x30 Core/Src/main.o
 .debug_macro   0x0000000000019d57       0x3c Core/Src/main.o
 .debug_macro   0x0000000000019d93      0x235 Core/Src/main.o
 .debug_macro   0x0000000000019fc8       0xc5 Core/Src/main.o
 .debug_macro   0x000000000001a08d      0x21d Core/Src/main.o
 .debug_macro   0x000000000001a2aa      0x22c Core/Src/main.o
 .debug_macro   0x000000000001a4d6       0x5b Core/Src/main.o
 .debug_macro   0x000000000001a531       0xa5 Core/Src/main.o
 .debug_macro   0x000000000001a5d6       0x81 Core/Src/main.o
 .debug_macro   0x000000000001a657       0xd3 Core/Src/main.o
 .debug_macro   0x000000000001a72a      0x275 Core/Src/main.o
 .debug_macro   0x000000000001a99f      0x1b9 Core/Src/stm32f3xx_hal_msp.o
 .debug_macro   0x000000000001ab58      0x1c3 Core/Src/stm32f3xx_it.o
 .debug_macro   0x000000000001ad1b      0x1af Core/Src/system_stm32f3xx.o
 .debug_macro   0x000000000001aeca      0x1d3 Drivers/STM32F3xx_HAL_Driver/stm32f3xx_hal.o
 .debug_macro   0x000000000001b09d      0x1af Drivers/STM32F3xx_HAL_Driver/stm32f3xx_hal_cortex.o
 .debug_macro   0x000000000001b24c      0x1d3 Drivers/STM32F3xx_HAL_Driver/stm32f3xx_hal_rcc.o

.debug_line     0x0000000000000000     0x4baa
 .debug_line    0x0000000000000000      0x80e Core/Src/main.o
 .debug_line    0x000000000000080e      0x76e Core/Src/stm32f3xx_hal_msp.o
 .debug_line    0x0000000000000f7c      0x830 Core/Src/stm32f3xx_it.o
 .debug_line    0x00000000000017ac      0x7e4 Core/Src/system_stm32f3xx.o
 .debug_line    0x0000000000001f90       0x88 Core/Startup/startup_stm32f303vctx.o
 .debug_line    0x0000000000002018      0xa51 Drivers/STM32F3xx_HAL_Driver/stm32f3xx_hal.o
 .debug_line    0x0000000000002a69      0xd16 Drivers/STM32F3xx_HAL_Driver/stm32f3xx_hal_cortex.o
 .debug_line    0x000000000000377f     0x142b Drivers/STM32F3xx_HAL_Driver/stm32f3xx_hal_rcc.o

.debug_str      0x0000000000000000    0xa4064
 .debug_str     0x0000000000000000    0xa301e Core/Src/main.o
                                      0xa36af (size before relaxing)
 .debug_str     0x00000000000a301e       0x86 Core/Src/stm32f3xx_hal_msp.o
                                      0xa35b8 (size before relaxing)
 .debug_str     0x00000000000a30a4       0xbd Core/Src/stm32f3xx_it.o
                                      0xa35ef (size before relaxing)
 .debug_str     0x00000000000a3161       0xbd Core/Src/system_stm32f3xx.o
                                      0xa3638 (size before relaxing)
 .debug_str     0x00000000000a321e       0x36 Core/Startup/startup_stm32f303vctx.o
                                         0x75 (size before relaxing)
 .debug_str     0x00000000000a3254      0x67a Drivers/STM32F3xx_HAL_Driver/stm32f3xx_hal.o
                                      0xa3e0c (size before relaxing)
 .debug_str     0x00000000000a38ce      0x404 Drivers/STM32F3xx_HAL_Driver/stm32f3xx_hal_cortex.o
                                      0xa3f1a (size before relaxing)
 .debug_str     0x00000000000a3cd2      0x392 Drivers/STM32F3xx_HAL_Driver/stm32f3xx_hal_rcc.o
                                      0xa3ade (size before relaxing)

.comment        0x0000000000000000       0x53
 .comment       0x0000000000000000       0x53 Core/Src/main.o
                                         0x54 (size before relaxing)
 .comment       0x0000000000000053       0x54 Core/Src/stm32f3xx_hal_msp.o
 .comment       0x0000000000000053       0x54 Core/Src/stm32f3xx_it.o
 .comment       0x0000000000000053       0x54 Core/Src/system_stm32f3xx.o
 .comment       0x0000000000000053       0x54 Drivers/STM32F3xx_HAL_Driver/stm32f3xx_hal.o
 .comment       0x0000000000000053       0x54 Drivers/STM32F3xx_HAL_Driver/stm32f3xx_hal_cortex.o
 .comment       0x0000000000000053       0x54 Drivers/STM32F3xx_HAL_Driver/stm32f3xx_hal_rcc.o

.debug_frame    0x0000000000000000      0xc28
 .debug_frame   0x0000000000000000       0x68 Core/Src/main.o
 .debug_frame   0x0000000000000068       0x38 Core/Src/stm32f3xx_hal_msp.o
 .debug_frame   0x00000000000000a0      0x104 Core/Src/stm32f3xx_it.o
 .debug_frame   0x00000000000001a4       0x58 Core/Src/system_stm32f3xx.o
 .debug_frame   0x00000000000001fc      0x334 Drivers/STM32F3xx_HAL_Driver/stm32f3xx_hal.o
 .debug_frame   0x0000000000000530      0x498 Drivers/STM32F3xx_HAL_Driver/stm32f3xx_hal_cortex.o
 .debug_frame   0x00000000000009c8      0x214 Drivers/STM32F3xx_HAL_Driver/stm32f3xx_hal_rcc.o
 .debug_frame   0x0000000000000bdc       0x2c c:/st/stm32cubeide_1.6.1/stm32cubeide/plugins/com.st.stm32cube.ide.mcu.externaltools.gnu-tools-for-stm32.9-2020-q2-update.win32_1.5.0.202011040924/tools/bin/../lib/gcc/arm-none-eabi/9.3.1/../../../../arm-none-eabi/lib/thumb/v7e-m+fp/hard\libc_nano.a(lib_a-init.o)
 .debug_frame   0x0000000000000c08       0x20 c:/st/stm32cubeide_1.6.1/stm32cubeide/plugins/com.st.stm32cube.ide.mcu.externaltools.gnu-tools-for-stm32.9-2020-q2-update.win32_1.5.0.202011040924/tools/bin/../lib/gcc/arm-none-eabi/9.3.1/../../../../arm-none-eabi/lib/thumb/v7e-m+fp/hard\libc_nano.a(lib_a-memset.o)
