Archive member included to satisfy reference by file (symbol)

c:/st/stm32cubeide_1.6.1/stm32cubeide/plugins/com.st.stm32cube.ide.mcu.externaltools.gnu-tools-for-stm32.9-2020-q2-update.win32_1.5.0.202011040924/tools/bin/../lib/gcc/arm-none-eabi/9.3.1/../../../../arm-none-eabi/lib/thumb/v7e-m+fp/hard\libc_nano.a(lib_a-errno.o)
                              Core/Src/syscalls.o (__errno)
c:/st/stm32cubeide_1.6.1/stm32cubeide/plugins/com.st.stm32cube.ide.mcu.externaltools.gnu-tools-for-stm32.9-2020-q2-update.win32_1.5.0.202011040924/tools/bin/../lib/gcc/arm-none-eabi/9.3.1/../../../../arm-none-eabi/lib/thumb/v7e-m+fp/hard\libc_nano.a(lib_a-exit.o)
                              c:/st/stm32cubeide_1.6.1/stm32cubeide/plugins/com.st.stm32cube.ide.mcu.externaltools.gnu-tools-for-stm32.9-2020-q2-update.win32_1.5.0.202011040924/tools/bin/../lib/gcc/arm-none-eabi/9.3.1/../../../../arm-none-eabi/lib/thumb/v7e-m+fp/hard/crt0.o (exit)
c:/st/stm32cubeide_1.6.1/stm32cubeide/plugins/com.st.stm32cube.ide.mcu.externaltools.gnu-tools-for-stm32.9-2020-q2-update.win32_1.5.0.202011040924/tools/bin/../lib/gcc/arm-none-eabi/9.3.1/../../../../arm-none-eabi/lib/thumb/v7e-m+fp/hard\libc_nano.a(lib_a-impure.o)
                              c:/st/stm32cubeide_1.6.1/stm32cubeide/plugins/com.st.stm32cube.ide.mcu.externaltools.gnu-tools-for-stm32.9-2020-q2-update.win32_1.5.0.202011040924/tools/bin/../lib/gcc/arm-none-eabi/9.3.1/../../../../arm-none-eabi/lib/thumb/v7e-m+fp/hard\libc_nano.a(lib_a-exit.o) (_global_impure_ptr)
c:/st/stm32cubeide_1.6.1/stm32cubeide/plugins/com.st.stm32cube.ide.mcu.externaltools.gnu-tools-for-stm32.9-2020-q2-update.win32_1.5.0.202011040924/tools/bin/../lib/gcc/arm-none-eabi/9.3.1/../../../../arm-none-eabi/lib/thumb/v7e-m+fp/hard\libc_nano.a(lib_a-init.o)
                              c:/st/stm32cubeide_1.6.1/stm32cubeide/plugins/com.st.stm32cube.ide.mcu.externaltools.gnu-tools-for-stm32.9-2020-q2-update.win32_1.5.0.202011040924/tools/bin/../lib/gcc/arm-none-eabi/9.3.1/../../../../arm-none-eabi/lib/thumb/v7e-m+fp/hard/crt0.o (__libc_init_array)
c:/st/stm32cubeide_1.6.1/stm32cubeide/plugins/com.st.stm32cube.ide.mcu.externaltools.gnu-tools-for-stm32.9-2020-q2-update.win32_1.5.0.202011040924/tools/bin/../lib/gcc/arm-none-eabi/9.3.1/../../../../arm-none-eabi/lib/thumb/v7e-m+fp/hard\libc_nano.a(lib_a-memset.o)
                              c:/st/stm32cubeide_1.6.1/stm32cubeide/plugins/com.st.stm32cube.ide.mcu.externaltools.gnu-tools-for-stm32.9-2020-q2-update.win32_1.5.0.202011040924/tools/bin/../lib/gcc/arm-none-eabi/9.3.1/../../../../arm-none-eabi/lib/thumb/v7e-m+fp/hard/crt0.o (memset)

Allocating common symbols
Common symbol       size              file

uwTick              0x4               Drivers/STM32F3xx_HAL_Driver/Src/stm32f3xx_hal.o
pFlash              0x20              Drivers/STM32F3xx_HAL_Driver/Src/stm32f3xx_hal_flash.o

Discarded input sections

 .text          0x0000000000000000        0x0 c:/st/stm32cubeide_1.6.1/stm32cubeide/plugins/com.st.stm32cube.ide.mcu.externaltools.gnu-tools-for-stm32.9-2020-q2-update.win32_1.5.0.202011040924/tools/bin/../lib/gcc/arm-none-eabi/9.3.1/thumb/v7e-m+fp/hard/crti.o
 .data          0x0000000000000000        0x0 c:/st/stm32cubeide_1.6.1/stm32cubeide/plugins/com.st.stm32cube.ide.mcu.externaltools.gnu-tools-for-stm32.9-2020-q2-update.win32_1.5.0.202011040924/tools/bin/../lib/gcc/arm-none-eabi/9.3.1/thumb/v7e-m+fp/hard/crti.o
 .bss           0x0000000000000000        0x0 c:/st/stm32cubeide_1.6.1/stm32cubeide/plugins/com.st.stm32cube.ide.mcu.externaltools.gnu-tools-for-stm32.9-2020-q2-update.win32_1.5.0.202011040924/tools/bin/../lib/gcc/arm-none-eabi/9.3.1/thumb/v7e-m+fp/hard/crti.o
 .data          0x0000000000000000        0x4 c:/st/stm32cubeide_1.6.1/stm32cubeide/plugins/com.st.stm32cube.ide.mcu.externaltools.gnu-tools-for-stm32.9-2020-q2-update.win32_1.5.0.202011040924/tools/bin/../lib/gcc/arm-none-eabi/9.3.1/thumb/v7e-m+fp/hard/crtbegin.o
 .text          0x0000000000000000       0x7c c:/st/stm32cubeide_1.6.1/stm32cubeide/plugins/com.st.stm32cube.ide.mcu.externaltools.gnu-tools-for-stm32.9-2020-q2-update.win32_1.5.0.202011040924/tools/bin/../lib/gcc/arm-none-eabi/9.3.1/../../../../arm-none-eabi/lib/thumb/v7e-m+fp/hard/crt0.o
 .data          0x0000000000000000        0x0 c:/st/stm32cubeide_1.6.1/stm32cubeide/plugins/com.st.stm32cube.ide.mcu.externaltools.gnu-tools-for-stm32.9-2020-q2-update.win32_1.5.0.202011040924/tools/bin/../lib/gcc/arm-none-eabi/9.3.1/../../../../arm-none-eabi/lib/thumb/v7e-m+fp/hard/crt0.o
 .bss           0x0000000000000000        0x0 c:/st/stm32cubeide_1.6.1/stm32cubeide/plugins/com.st.stm32cube.ide.mcu.externaltools.gnu-tools-for-stm32.9-2020-q2-update.win32_1.5.0.202011040924/tools/bin/../lib/gcc/arm-none-eabi/9.3.1/../../../../arm-none-eabi/lib/thumb/v7e-m+fp/hard/crt0.o
[...]
Memory Configuration

Name             Origin             Length             Attributes
CCMRAM           0x0000000010000000 0x0000000000002000 xrw
RAM              0x0000000020000000 0x000000000000a000 xrw
FLASH            0x0000000008000000 0x0000000000040000 xr
*default*        0x0000000000000000 0xffffffffffffffff

Linker script and memory map

LOAD c:/st/stm32cubeide_1.6.1/stm32cubeide/plugins/com.st.stm32cube.ide.mcu.externaltools.gnu-tools-for-stm32.9-2020-q2-update.win32_1.5.0.202011040924/tools/bin/../lib/gcc/arm-none-eabi/9.3.1/thumb/v7e-m+fp/hard/crti.o
LOAD c:/st/stm32cubeide_1.6.1/stm32cubeide/plugins/com.st.stm32cube.ide.mcu.externaltools.gnu-tools-for-stm32.9-2020-q2-update.win32_1.5.0.202011040924/tools/bin/../lib/gcc/arm-none-eabi/9.3.1/thumb/v7e-m+fp/hard/crtbegin.o
LOAD c:/st/stm32cubeide_1.6.1/stm32cubeide/plugins/com.st.stm32cube.ide.mcu.externaltools.gnu-tools-for-stm32.9-2020-q2-update.win32_1.5.0.202011040924/tools/bin/../lib/gcc/arm-none-eabi/9.3.1/../../../../arm-none-eabi/lib/thumb/v7e-m+fp/hard/crt0.o
LOAD Core/MyCode/button.o
LOAD Core/MyCode/gpio_ctrl.o
LOAD Core/MyCode/timer.o
LOAD Core/Src/main.o
LOAD Core/Src/stm32f3xx_hal_msp.o
LOAD Core/Src/stm32f3xx_it.o
LOAD Core/Src/syscalls.o
LOAD Core/Src/sysmem.o
LOAD Core/Src/system_stm32f3xx.o
LOAD Core/Startup/startup_stm32f303vctx.o
LOAD Drivers/STM32F3xx_HAL_Driver/Src/stm32f3xx_hal.o
LOAD Drivers/STM32F3xx_HAL_Driver/Src/stm32f3xx_hal_cortex.o
LOAD Drivers/STM32F3xx_HAL_Driver/Src/stm32f3xx_hal_dma.o
LOAD Drivers/STM32F3xx_HAL_Driver/Src/stm32f3xx_hal_exti.o
LOAD Drivers/STM32F3xx_HAL_Driver/Src/stm32f3xx_hal_flash.o
LOAD Drivers/STM32F3xx_HAL_Driver/Src/stm32f3xx_hal_flash_ex.o
LOAD Drivers/STM32F3xx_HAL_Driver/Src/stm32f3xx_hal_gpio.o
LOAD Drivers/STM32F3xx_HAL_Driver/Src/stm32f3xx_hal_i2c.o
LOAD Drivers/STM32F3xx_HAL_Driver/Src/stm32f3xx_hal_i2c_ex.o
LOAD Drivers/STM32F3xx_HAL_Driver/Src/stm32f3xx_hal_pwr.o
LOAD Drivers/STM32F3xx_HAL_Driver/Src/stm32f3xx_hal_pwr_ex.o
LOAD Drivers/STM32F3xx_HAL_Driver/Src/stm32f3xx_hal_rcc.o
LOAD Drivers/STM32F3xx_HAL_Driver/Src/stm32f3xx_hal_rcc_ex.o
LOAD Drivers/STM32F3xx_HAL_Driver/Src/stm32f3xx_hal_tim.o
LOAD Drivers/STM32F3xx_HAL_Driver/Src/stm32f3xx_hal_tim_ex.o
START GROUP
LOAD c:/st/stm32cubeide_1.6.1/stm32cubeide/plugins/com.st.stm32cube.ide.mcu.externaltools.gnu-tools-for-stm32.9-2020-q2-update.win32_1.5.0.202011040924/tools/bin/../lib/gcc/arm-none-eabi/9.3.1/../../../../arm-none-eabi/lib/thumb/v7e-m+fp/hard\libc_nano.a
LOAD c:/st/stm32cubeide_1.6.1/stm32cubeide/plugins/com.st.stm32cube.ide.mcu.externaltools.gnu-tools-for-stm32.9-2020-q2-update.win32_1.5.0.202011040924/tools/bin/../lib/gcc/arm-none-eabi/9.3.1/../../../../arm-none-eabi/lib/thumb/v7e-m+fp/hard\libm.a
END GROUP
START GROUP
LOAD c:/st/stm32cubeide_1.6.1/stm32cubeide/plugins/com.st.stm32cube.ide.mcu.externaltools.gnu-tools-for-stm32.9-2020-q2-update.win32_1.5.0.202011040924/tools/bin/../lib/gcc/arm-none-eabi/9.3.1/thumb/v7e-m+fp/hard\libgcc.a
LOAD c:/st/stm32cubeide_1.6.1/stm32cubeide/plugins/com.st.stm32cube.ide.mcu.externaltools.gnu-tools-for-stm32.9-2020-q2-update.win32_1.5.0.202011040924/tools/bin/../lib/gcc/arm-none-eabi/9.3.1/../../../../arm-none-eabi/lib/thumb/v7e-m+fp/hard\libc_nano.a
END GROUP
START GROUP
LOAD c:/st/stm32cubeide_1.6.1/stm32cubeide/plugins/com.st.stm32cube.ide.mcu.externaltools.gnu-tools-for-stm32.9-2020-q2-update.win32_1.5.0.202011040924/tools/bin/../lib/gcc/arm-none-eabi/9.3.1/thumb/v7e-m+fp/hard\libgcc.a
LOAD c:/st/stm32cubeide_1.6.1/stm32cubeide/plugins/com.st.stm32cube.ide.mcu.externaltools.gnu-tools-for-stm32.9-2020-q2-update.win32_1.5.0.202011040924/tools/bin/../lib/gcc/arm-none-eabi/9.3.1/../../../../arm-none-eabi/lib/thumb/v7e-m+fp/hard\libc_nano.a
LOAD c:/st/stm32cubeide_1.6.1/stm32cubeide/plugins/com.st.stm32cube.ide.mcu.externaltools.gnu-tools-for-stm32.9-2020-q2-update.win32_1.5.0.202011040924/tools/bin/../lib/gcc/arm-none-eabi/9.3.1/../../../../arm-none-eabi/lib/thumb/v7e-m+fp/hard\libnosys.a
END GROUP
START GROUP
LOAD c:/st/stm32cubeide_1.6.1/stm32cubeide/plugins/com.st.stm32cube.ide.mcu.externaltools.gnu-tools-for-stm32.9-2020-q2-update.win32_1.5.0.202011040924/tools/bin/../lib/gcc/arm-none-eabi/9.3.1/thumb/v7e-m+fp/hard\libgcc.a
LOAD c:/st/stm32cubeide_1.6.1/stm32cubeide/plugins/com.st.stm32cube.ide.mcu.externaltools.gnu-tools-for-stm32.9-2020-q2-update.win32_1.5.0.202011040924/tools/bin/../lib/gcc/arm-none-eabi/9.3.1/../../../../arm-none-eabi/lib/thumb/v7e-m+fp/hard\libc_nano.a
LOAD c:/st/stm32cubeide_1.6.1/stm32cubeide/plugins/com.st.stm32cube.ide.mcu.externaltools.gnu-tools-for-stm32.9-2020-q2-update.win32_1.5.0.202011040924/tools/bin/../lib/gcc/arm-none-eabi/9.3.1/../../../../arm-none-eabi/lib/thumb/v7e-m+fp/hard\libnosys.a
END GROUP
LOAD c:/st/stm32cubeide_1.6.1/stm32cubeide/plugins/com.st.stm32cube.ide.mcu.externaltools.gnu-tools-for-stm32.9-2020-q2-update.win32_1.5.0.202011040924/tools/bin/../lib/gcc/arm-none-eabi/9.3.1/thumb/v7e-m+fp/hard/crtend.o
LOAD c:/st/stm32cubeide_1.6.1/stm32cubeide/plugins/com.st.stm32cube.ide.mcu.externaltools.gnu-tools-for-stm32.9-2020-q2-update.win32_1.5.0.202011040924/tools/bin/../lib/gcc/arm-none-eabi/9.3.1/thumb/v7e-m+fp/hard/crtn.o
                0x000000002000a000                _estack = (ORIGIN (RAM) + LENGTH (RAM))
                0x0000000000000200                _Min_Heap_Size = 0x200
                0x0000000000000400                _Min_Stack_Size = 0x400

.isr_vector     0x0000000008000000      0x188
                0x0000000008000000                . = ALIGN (0x4)
 *(.isr_vector)
 .isr_vector    0x0000000008000000      0x188 Core/Startup/startup_stm32f303vctx.o
                0x0000000008000000                g_pfnVectors
                0x0000000008000188                . = ALIGN (0x4)

.text           0x0000000008000188     0x1b60
                0x0000000008000188                . = ALIGN (0x4)
 *(.text)
 .text          0x0000000008000188       0x40 c:/st/stm32cubeide_1.6.1/stm32cubeide/plugins/com.st.stm32cube.ide.mcu.externaltools.gnu-tools-for-stm32.9-2020-q2-update.win32_1.5.0.202011040924/tools/bin/../lib/gcc/arm-none-eabi/9.3.1/thumb/v7e-m+fp/hard/crtbegin.o
 *(.text*)
 .text.__NVIC_EnableIRQ
                0x00000000080001c8       0x3c Core/MyCode/button.o
 .text.button_init
                0x0000000008000204       0x68 Core/MyCode/button.o
                0x0000000008000204                button_init
 .text.EXTI0_IRQHandler
                0x000000000800026c       0xd0 Core/MyCode/button.o
                0x000000000800026c                EXTI0_IRQHandler
 .text.gpio_init
                0x000000000800033c       0x4e Core/MyCode/gpio_ctrl.o
                0x000000000800033c                gpio_init
 .text.gpio_set
                0x000000000800038a       0x38 Core/MyCode/gpio_ctrl.o
                0x000000000800038a                gpio_set
 .text.gpio_toggle
                0x00000000080003c2       0x32 Core/MyCode/gpio_ctrl.o
                0x00000000080003c2                gpio_toggle
 .text.delay    0x00000000080003f4       0x2a Core/MyCode/gpio_ctrl.o
                0x00000000080003f4                delay
 .text.timer_init
                0x000000000800041e       0x6a Core/MyCode/timer.o
                0x000000000800041e                timer_init
 .text.timer_set_up_period
                0x0000000008000488       0x24 Core/MyCode/timer.o
                0x0000000008000488                timer_set_up_period
 .text.timer_set_state
                0x00000000080004ac       0x24 Core/MyCode/timer.o
                0x00000000080004ac                timer_set_state
 .text.timer_get_state
                0x00000000080004d0       0x2a Core/MyCode/timer.o
                0x00000000080004d0                timer_get_state
 *fill*         0x00000000080004fa        0x2 
 .text.TIM6_DAC_IRQHandler
                0x00000000080004fc       0x28 Core/MyCode/timer.o
                0x00000000080004fc                TIM6_DAC_IRQHandler
 .text.TIM7_IRQHandler
                0x0000000008000524       0x28 Core/MyCode/timer.o
                0x0000000008000524                TIM7_IRQHandler
 .text.__NVIC_EnableIRQ
                0x000000000800054c       0x3c Core/Src/main.o
 .text.main     0x0000000008000588       0xdc Core/Src/main.o
                0x0000000008000588                main
 .text.SystemClock_Config
                0x0000000008000664       0x80 Core/Src/main.o
                0x0000000008000664                SystemClock_Config
 .text.Error_Handler
                0x00000000080006e4        0xa Core/Src/main.o
                0x00000000080006e4                Error_Handler
 *fill*         0x00000000080006ee        0x2 
 .text.HAL_MspInit
                0x00000000080006f0       0x48 Core/Src/stm32f3xx_hal_msp.o
                0x00000000080006f0                HAL_MspInit
 .text.NMI_Handler
                0x0000000008000738        0x6 Core/Src/stm32f3xx_it.o
                0x0000000008000738                NMI_Handler
 .text.HardFault_Handler
                0x000000000800073e        0x6 Core/Src/stm32f3xx_it.o
                0x000000000800073e                HardFault_Handler
 .text.MemManage_Handler
                0x0000000008000744        0x6 Core/Src/stm32f3xx_it.o
                0x0000000008000744                MemManage_Handler
 .text.BusFault_Handler
                0x000000000800074a        0x6 Core/Src/stm32f3xx_it.o
                0x000000000800074a                BusFault_Handler
 .text.UsageFault_Handler
                0x0000000008000750        0x6 Core/Src/stm32f3xx_it.o
                0x0000000008000750                UsageFault_Handler
 .text.SVC_Handler
                0x0000000008000756        0xe Core/Src/stm32f3xx_it.o
                0x0000000008000756                SVC_Handler
 .text.DebugMon_Handler
                0x0000000008000764        0xe Core/Src/stm32f3xx_it.o
                0x0000000008000764                DebugMon_Handler
 .text.PendSV_Handler
                0x0000000008000772        0xe Core/Src/stm32f3xx_it.o
                0x0000000008000772                PendSV_Handler
 .text.SysTick_Handler
                0x0000000008000780        0xc Core/Src/stm32f3xx_it.o
                0x0000000008000780                SysTick_Handler
 .text.SystemInit
                0x000000000800078c       0x24 Core/Src/system_stm32f3xx.o
                0x000000000800078c                SystemInit
 .text.Reset_Handler
                0x00000000080007b0       0x50 Core/Startup/startup_stm32f303vctx.o
                0x00000000080007b0                Reset_Handler
 .text.Default_Handler
                0x0000000008000800        0x2 Core/Startup/startup_stm32f303vctx.o
                0x0000000008000800                RTC_Alarm_IRQHandler
                0x0000000008000800                TIM8_TRG_COM_IRQHandler
                0x0000000008000800                TIM8_CC_IRQHandler
                0x0000000008000800                TIM1_CC_IRQHandler
                0x0000000008000800                USB_HP_IRQHandler
                0x0000000008000800                PVD_IRQHandler
                0x0000000008000800                TAMP_STAMP_IRQHandler
                0x0000000008000800                EXTI3_IRQHandler
                0x0000000008000800                USB_HP_CAN_TX_IRQHandler
                0x0000000008000800                I2C2_EV_IRQHandler
                0x0000000008000800                FPU_IRQHandler
                0x0000000008000800                TIM1_UP_TIM16_IRQHandler
                0x0000000008000800                ADC1_2_IRQHandler
                0x0000000008000800                SPI1_IRQHandler
                0x0000000008000800                CAN_SCE_IRQHandler
                0x0000000008000800                TIM8_UP_IRQHandler
                0x0000000008000800                DMA2_Channel2_IRQHandler
                0x0000000008000800                DMA1_Channel4_IRQHandler
                0x0000000008000800                USART3_IRQHandler
                0x0000000008000800                DMA1_Channel7_IRQHandler
                0x0000000008000800                UART5_IRQHandler
                0x0000000008000800                ADC3_IRQHandler
                0x0000000008000800                TIM4_IRQHandler
                0x0000000008000800                CAN_RX1_IRQHandler
                0x0000000008000800                DMA2_Channel1_IRQHandler
                0x0000000008000800                I2C1_EV_IRQHandler
                0x0000000008000800                DMA1_Channel6_IRQHandler
                0x0000000008000800                UART4_IRQHandler
                0x0000000008000800                DMA2_Channel4_IRQHandler
                0x0000000008000800                TIM3_IRQHandler
                0x0000000008000800                RCC_IRQHandler
                0x0000000008000800                DMA1_Channel1_IRQHandler
                0x0000000008000800                Default_Handler
                0x0000000008000800                USBWakeUp_RMP_IRQHandler
                0x0000000008000800                EXTI15_10_IRQHandler
                0x0000000008000800                EXTI9_5_IRQHandler
                0x0000000008000800                RTC_WKUP_IRQHandler
                0x0000000008000800                SPI2_IRQHandler
                0x0000000008000800                USB_LP_CAN_RX0_IRQHandler
                0x0000000008000800                DMA2_Channel5_IRQHandler
                0x0000000008000800                DMA1_Channel5_IRQHandler
                0x0000000008000800                USB_LP_IRQHandler
                0x0000000008000800                EXTI4_IRQHandler
                0x0000000008000800                TIM1_TRG_COM_TIM17_IRQHandler
                0x0000000008000800                DMA1_Channel3_IRQHandler
                0x0000000008000800                ADC4_IRQHandler
                0x0000000008000800                WWDG_IRQHandler
                0x0000000008000800                TIM2_IRQHandler
                0x0000000008000800                COMP7_IRQHandler
                0x0000000008000800                COMP1_2_3_IRQHandler
                0x0000000008000800                EXTI1_IRQHandler
                0x0000000008000800                USART2_IRQHandler
                0x0000000008000800                COMP4_5_6_IRQHandler
                0x0000000008000800                I2C2_ER_IRQHandler
                0x0000000008000800                DMA1_Channel2_IRQHandler
                0x0000000008000800                TIM8_BRK_IRQHandler
                0x0000000008000800                FLASH_IRQHandler
                0x0000000008000800                USART1_IRQHandler
                0x0000000008000800                SPI3_IRQHandler
                0x0000000008000800                I2C1_ER_IRQHandler
                0x0000000008000800                USBWakeUp_IRQHandler
                0x0000000008000800                DMA2_Channel3_IRQHandler
                0x0000000008000800                EXTI2_TSC_IRQHandler
                0x0000000008000800                TIM1_BRK_TIM15_IRQHandler
 *fill*         0x0000000008000802        0x2 
 .text.HAL_Init
                0x0000000008000804       0x2c Drivers/STM32F3xx_HAL_Driver/Src/stm32f3xx_hal.o
                0x0000000008000804                HAL_Init
 .text.HAL_InitTick
                0x0000000008000830       0x60 Drivers/STM32F3xx_HAL_Driver/Src/stm32f3xx_hal.o
                0x0000000008000830                HAL_InitTick
 .text.HAL_IncTick
                0x0000000008000890       0x28 Drivers/STM32F3xx_HAL_Driver/Src/stm32f3xx_hal.o
                0x0000000008000890                HAL_IncTick
 .text.HAL_GetTick
                0x00000000080008b8       0x18 Drivers/STM32F3xx_HAL_Driver/Src/stm32f3xx_hal.o
                0x00000000080008b8                HAL_GetTick
 .text.__NVIC_SetPriorityGrouping
                0x00000000080008d0       0x48 Drivers/STM32F3xx_HAL_Driver/Src/stm32f3xx_hal_cortex.o
 .text.__NVIC_GetPriorityGrouping
                0x0000000008000918       0x1c Drivers/STM32F3xx_HAL_Driver/Src/stm32f3xx_hal_cortex.o
 .text.__NVIC_SetPriority
                0x0000000008000934       0x54 Drivers/STM32F3xx_HAL_Driver/Src/stm32f3xx_hal_cortex.o
 .text.NVIC_EncodePriority
                0x0000000008000988       0x66 Drivers/STM32F3xx_HAL_Driver/Src/stm32f3xx_hal_cortex.o
 *fill*         0x00000000080009ee        0x2 
 .text.SysTick_Config
                0x00000000080009f0       0x44 Drivers/STM32F3xx_HAL_Driver/Src/stm32f3xx_hal_cortex.o
 .text.HAL_NVIC_SetPriorityGrouping
                0x0000000008000a34       0x16 Drivers/STM32F3xx_HAL_Driver/Src/stm32f3xx_hal_cortex.o
                0x0000000008000a34                HAL_NVIC_SetPriorityGrouping
 .text.HAL_NVIC_SetPriority
                0x0000000008000a4a       0x38 Drivers/STM32F3xx_HAL_Driver/Src/stm32f3xx_hal_cortex.o
                0x0000000008000a4a                HAL_NVIC_SetPriority
 .text.HAL_SYSTICK_Config
                0x0000000008000a82       0x18 Drivers/STM32F3xx_HAL_Driver/Src/stm32f3xx_hal_cortex.o
                0x0000000008000a82                HAL_SYSTICK_Config
 *fill*         0x0000000008000a9a        0x2 
 .text.HAL_RCC_OscConfig
                0x0000000008000a9c      0xe10 Drivers/STM32F3xx_HAL_Driver/Src/stm32f3xx_hal_rcc.o
                0x0000000008000a9c                HAL_RCC_OscConfig
 .text.HAL_RCC_ClockConfig
                0x00000000080018ac      0x2f8 Drivers/STM32F3xx_HAL_Driver/Src/stm32f3xx_hal_rcc.o
                0x00000000080018ac                HAL_RCC_ClockConfig
 .text.HAL_RCC_GetSysClockFreq
                0x0000000008001ba4       0xd4 Drivers/STM32F3xx_HAL_Driver/Src/stm32f3xx_hal_rcc.o
                0x0000000008001ba4                HAL_RCC_GetSysClockFreq
 .text.__libc_init_array
                0x0000000008001c78       0x48 c:/st/stm32cubeide_1.6.1/stm32cubeide/plugins/com.st.stm32cube.ide.mcu.externaltools.gnu-tools-for-stm32.9-2020-q2-update.win32_1.5.0.202011040924/tools/bin/../lib/gcc/arm-none-eabi/9.3.1/../../../../arm-none-eabi/lib/thumb/v7e-m+fp/hard\libc_nano.a(lib_a-init.o)
                0x0000000008001c78                __libc_init_array
 .text.memset   0x0000000008001cc0       0x10 c:/st/stm32cubeide_1.6.1/stm32cubeide/plugins/com.st.stm32cube.ide.mcu.externaltools.gnu-tools-for-stm32.9-2020-q2-update.win32_1.5.0.202011040924/tools/bin/../lib/gcc/arm-none-eabi/9.3.1/../../../../arm-none-eabi/lib/thumb/v7e-m+fp/hard\libc_nano.a(lib_a-memset.o)
                0x0000000008001cc0                memset
 *(.glue_7)
 .glue_7        0x0000000008001cd0        0x0 linker stubs
 *(.glue_7t)
 .glue_7t       0x0000000008001cd0        0x0 linker stubs
 *(.eh_frame)
 .eh_frame      0x0000000008001cd0        0x0 c:/st/stm32cubeide_1.6.1/stm32cubeide/plugins/com.st.stm32cube.ide.mcu.externaltools.gnu-tools-for-stm32.9-2020-q2-update.win32_1.5.0.202011040924/tools/bin/../lib/gcc/arm-none-eabi/9.3.1/thumb/v7e-m+fp/hard/crtbegin.o
 *(.init)
 .init          0x0000000008001cd0        0x4 c:/st/stm32cubeide_1.6.1/stm32cubeide/plugins/com.st.stm32cube.ide.mcu.externaltools.gnu-tools-for-stm32.9-2020-q2-update.win32_1.5.0.202011040924/tools/bin/../lib/gcc/arm-none-eabi/9.3.1/thumb/v7e-m+fp/hard/crti.o
                0x0000000008001cd0                _init
 .init          0x0000000008001cd4        0x8 c:/st/stm32cubeide_1.6.1/stm32cubeide/plugins/com.st.stm32cube.ide.mcu.externaltools.gnu-tools-for-stm32.9-2020-q2-update.win32_1.5.0.202011040924/tools/bin/../lib/gcc/arm-none-eabi/9.3.1/thumb/v7e-m+fp/hard/crtn.o
 *(.fini)
 .fini          0x0000000008001cdc        0x4 c:/st/stm32cubeide_1.6.1/stm32cubeide/plugins/com.st.stm32cube.ide.mcu.externaltools.gnu-tools-for-stm32.9-2020-q2-update.win32_1.5.0.202011040924/tools/bin/../lib/gcc/arm-none-eabi/9.3.1/thumb/v7e-m+fp/hard/crti.o
                0x0000000008001cdc                _fini
 .fini          0x0000000008001ce0        0x8 c:/st/stm32cubeide_1.6.1/stm32cubeide/plugins/com.st.stm32cube.ide.mcu.externaltools.gnu-tools-for-stm32.9-2020-q2-update.win32_1.5.0.202011040924/tools/bin/../lib/gcc/arm-none-eabi/9.3.1/thumb/v7e-m+fp/hard/crtn.o
                0x0000000008001ce8                . = ALIGN (0x4)
                0x0000000008001ce8                _etext = .

.vfp11_veneer   0x0000000008001ce8        0x0
 .vfp11_veneer  0x0000000008001ce8        0x0 linker stubs

.v4_bx          0x0000000008001ce8        0x0
 .v4_bx         0x0000000008001ce8        0x0 linker stubs

.iplt           0x0000000008001ce8        0x0
 .iplt          0x0000000008001ce8        0x0 c:/st/stm32cubeide_1.6.1/stm32cubeide/plugins/com.st.stm32cube.ide.mcu.externaltools.gnu-tools-for-stm32.9-2020-q2-update.win32_1.5.0.202011040924/tools/bin/../lib/gcc/arm-none-eabi/9.3.1/thumb/v7e-m+fp/hard/crtbegin.o

.rodata         0x0000000008001ce8       0x30
                0x0000000008001ce8                . = ALIGN (0x4)
 *(.rodata)
 *(.rodata*)
 .rodata.AHBPrescTable
                0x0000000008001ce8       0x10 Core/Src/system_stm32f3xx.o
                0x0000000008001ce8                AHBPrescTable
 .rodata.aPLLMULFactorTable
                0x0000000008001cf8       0x10 Drivers/STM32F3xx_HAL_Driver/Src/stm32f3xx_hal_rcc.o
 .rodata.aPredivFactorTable
                0x0000000008001d08       0x10 Drivers/STM32F3xx_HAL_Driver/Src/stm32f3xx_hal_rcc.o
                0x0000000008001d18                . = ALIGN (0x4)

.rel.dyn        0x0000000008001d18        0x0
 .rel.iplt      0x0000000008001d18        0x0 c:/st/stm32cubeide_1.6.1/stm32cubeide/plugins/com.st.stm32cube.ide.mcu.externaltools.gnu-tools-for-stm32.9-2020-q2-update.win32_1.5.0.202011040924/tools/bin/../lib/gcc/arm-none-eabi/9.3.1/thumb/v7e-m+fp/hard/crtbegin.o

.ARM.extab      0x0000000008001d18        0x0
                0x0000000008001d18                . = ALIGN (0x4)
 *(.ARM.extab* .gnu.linkonce.armextab.*)
                0x0000000008001d18                . = ALIGN (0x4)

.ARM            0x0000000008001d18        0x0
                0x0000000008001d18                . = ALIGN (0x4)
                0x0000000008001d18                __exidx_start = .
 *(.ARM.exidx*)
                0x0000000008001d18                __exidx_end = .
                0x0000000008001d18                . = ALIGN (0x4)

.preinit_array  0x0000000008001d18        0x0
                0x0000000008001d18                . = ALIGN (0x4)
                0x0000000008001d18                PROVIDE (__preinit_array_start = .)
 *(.preinit_array*)
                0x0000000008001d18                PROVIDE (__preinit_array_end = .)
                0x0000000008001d18                . = ALIGN (0x4)

.init_array     0x0000000008001d18        0x4
                0x0000000008001d18                . = ALIGN (0x4)
                0x0000000008001d18                PROVIDE (__init_array_start = .)
 *(SORT_BY_NAME(.init_array.*))
 *(.init_array*)
 .init_array    0x0000000008001d18        0x4 c:/st/stm32cubeide_1.6.1/stm32cubeide/plugins/com.st.stm32cube.ide.mcu.externaltools.gnu-tools-for-stm32.9-2020-q2-update.win32_1.5.0.202011040924/tools/bin/../lib/gcc/arm-none-eabi/9.3.1/thumb/v7e-m+fp/hard/crtbegin.o
                0x0000000008001d1c                PROVIDE (__init_array_end = .)
                0x0000000008001d1c                . = ALIGN (0x4)

.fini_array     0x0000000008001d1c        0x4
                0x0000000008001d1c                . = ALIGN (0x4)
                [!provide]                        PROVIDE (__fini_array_start = .)
 *(SORT_BY_NAME(.fini_array.*))
 *(.fini_array*)
 .fini_array    0x0000000008001d1c        0x4 c:/st/stm32cubeide_1.6.1/stm32cubeide/plugins/com.st.stm32cube.ide.mcu.externaltools.gnu-tools-for-stm32.9-2020-q2-update.win32_1.5.0.202011040924/tools/bin/../lib/gcc/arm-none-eabi/9.3.1/thumb/v7e-m+fp/hard/crtbegin.o
                [!provide]                        PROVIDE (__fini_array_end = .)
                0x0000000008001d20                . = ALIGN (0x4)
                0x0000000008001d20                _sidata = LOADADDR (.data)

.data           0x0000000020000000        0xc load address 0x0000000008001d20
                0x0000000020000000                . = ALIGN (0x4)
                0x0000000020000000                _sdata = .
 *(.data)
 *(.data*)
 .data.SystemCoreClock
                0x0000000020000000        0x4 Core/Src/system_stm32f3xx.o
                0x0000000020000000                SystemCoreClock
 .data.uwTickPrio
                0x0000000020000004        0x4 Drivers/STM32F3xx_HAL_Driver/Src/stm32f3xx_hal.o
                0x0000000020000004                uwTickPrio
 .data.uwTickFreq
                0x0000000020000008        0x1 Drivers/STM32F3xx_HAL_Driver/Src/stm32f3xx_hal.o
                0x0000000020000008                uwTickFreq
 *(.RamFunc)
 *(.RamFunc*)
                0x000000002000000c                . = ALIGN (0x4)
 *fill*         0x0000000020000009        0x3 
                0x000000002000000c                _edata = .

.igot.plt       0x000000002000000c        0x0 load address 0x0000000008001d2c
 .igot.plt      0x000000002000000c        0x0 c:/st/stm32cubeide_1.6.1/stm32cubeide/plugins/com.st.stm32cube.ide.mcu.externaltools.gnu-tools-for-stm32.9-2020-q2-update.win32_1.5.0.202011040924/tools/bin/../lib/gcc/arm-none-eabi/9.3.1/thumb/v7e-m+fp/hard/crtbegin.o
                0x000000002000000c                . = ALIGN (0x4)

.bss            0x000000002000000c       0x24 load address 0x0000000008001d2c
                0x000000002000000c                _sbss = .
                0x000000002000000c                __bss_start__ = _sbss
 *(.bss)
 .bss           0x000000002000000c       0x1c c:/st/stm32cubeide_1.6.1/stm32cubeide/plugins/com.st.stm32cube.ide.mcu.externaltools.gnu-tools-for-stm32.9-2020-q2-update.win32_1.5.0.202011040924/tools/bin/../lib/gcc/arm-none-eabi/9.3.1/thumb/v7e-m+fp/hard/crtbegin.o
 *(.bss*)
 .bss.flag.6866
                0x0000000020000028        0x1 Core/MyCode/button.o
 .bss.flag_timer.6867
                0x0000000020000029        0x1 Core/MyCode/button.o
 *(COMMON)
 *fill*         0x000000002000002a        0x2 
 COMMON         0x000000002000002c        0x4 Drivers/STM32F3xx_HAL_Driver/Src/stm32f3xx_hal.o
                0x000000002000002c                uwTick
                0x0000000020000030                . = ALIGN (0x4)
                0x0000000020000030                _ebss = .
                0x0000000020000030                __bss_end__ = _ebss

._user_heap_stack
                0x0000000020000030      0x600 load address 0x0000000008001d2c
                0x0000000020000030                . = ALIGN (0x8)
                [!provide]                        PROVIDE (end = .)
                0x0000000020000030                PROVIDE (_end = .)
                0x0000000020000230                . = (. + _Min_Heap_Size)
 *fill*         0x0000000020000030      0x200 
                0x0000000020000630                . = (. + _Min_Stack_Size)
 *fill*         0x0000000020000230      0x400 
                0x0000000020000630                . = ALIGN (0x8)

/DISCARD/
 libc.a(*)
 libm.a(*)
 libgcc.a(*)

.ARM.attributes
                0x0000000000000000       0x30
 *(.ARM.attributes)
 .ARM.attributes
                0x0000000000000000       0x1e c:/st/stm32cubeide_1.6.1/stm32cubeide/plugins/com.st.stm32cube.ide.mcu.externaltools.gnu-tools-for-stm32.9-2020-q2-update.win32_1.5.0.202011040924/tools/bin/../lib/gcc/arm-none-eabi/9.3.1/thumb/v7e-m+fp/hard/crti.o
 .ARM.attributes
                0x000000000000001e       0x34 c:/st/stm32cubeide_1.6.1/stm32cubeide/plugins/com.st.stm32cube.ide.mcu.externaltools.gnu-tools-for-stm32.9-2020-q2-update.win32_1.5.0.202011040924/tools/bin/../lib/gcc/arm-none-eabi/9.3.1/thumb/v7e-m+fp/hard/crtbegin.o
 .ARM.attributes
                0x0000000000000052       0x34 Core/MyCode/button.o
 .ARM.attributes
                0x0000000000000086       0x34 Core/MyCode/gpio_ctrl.o
 .ARM.attributes
                0x00000000000000ba       0x34 Core/MyCode/timer.o
 .ARM.attributes
                0x00000000000000ee       0x34 Core/Src/main.o
 .ARM.attributes
                0x0000000000000122       0x34 Core/Src/stm32f3xx_hal_msp.o
 .ARM.attributes
                0x0000000000000156       0x34 Core/Src/stm32f3xx_it.o
 .ARM.attributes
                0x000000000000018a       0x34 Core/Src/system_stm32f3xx.o
 .ARM.attributes
                0x00000000000001be       0x21 Core/Startup/startup_stm32f303vctx.o
 .ARM.attributes
                0x00000000000001df       0x34 Drivers/STM32F3xx_HAL_Driver/Src/stm32f3xx_hal.o
 .ARM.attributes
                0x0000000000000213       0x34 Drivers/STM32F3xx_HAL_Driver/Src/stm32f3xx_hal_cortex.o
 .ARM.attributes
                0x0000000000000247       0x34 Drivers/STM32F3xx_HAL_Driver/Src/stm32f3xx_hal_rcc.o
 .ARM.attributes
                0x000000000000027b       0x34 c:/st/stm32cubeide_1.6.1/stm32cubeide/plugins/com.st.stm32cube.ide.mcu.externaltools.gnu-tools-for-stm32.9-2020-q2-update.win32_1.5.0.202011040924/tools/bin/../lib/gcc/arm-none-eabi/9.3.1/../../../../arm-none-eabi/lib/thumb/v7e-m+fp/hard\libc_nano.a(lib_a-init.o)
 .ARM.attributes
                0x00000000000002af       0x34 c:/st/stm32cubeide_1.6.1/stm32cubeide/plugins/com.st.stm32cube.ide.mcu.externaltools.gnu-tools-for-stm32.9-2020-q2-update.win32_1.5.0.202011040924/tools/bin/../lib/gcc/arm-none-eabi/9.3.1/../../../../arm-none-eabi/lib/thumb/v7e-m+fp/hard\libc_nano.a(lib_a-memset.o)
 .ARM.attributes
                0x00000000000002e3       0x1e c:/st/stm32cubeide_1.6.1/stm32cubeide/plugins/com.st.stm32cube.ide.mcu.externaltools.gnu-tools-for-stm32.9-2020-q2-update.win32_1.5.0.202011040924/tools/bin/../lib/gcc/arm-none-eabi/9.3.1/thumb/v7e-m+fp/hard/crtn.o
OUTPUT(TIMERS.elf elf32-littlearm)
LOAD linker stubs
LOAD c:/st/stm32cubeide_1.6.1/stm32cubeide/plugins/com.st.stm32cube.ide.mcu.externaltools.gnu-tools-for-stm32.9-2020-q2-update.win32_1.5.0.202011040924/tools/bin/../lib/gcc/arm-none-eabi/9.3.1/../../../../arm-none-eabi/lib/thumb/v7e-m+fp/hard\libc.a
LOAD c:/st/stm32cubeide_1.6.1/stm32cubeide/plugins/com.st.stm32cube.ide.mcu.externaltools.gnu-tools-for-stm32.9-2020-q2-update.win32_1.5.0.202011040924/tools/bin/../lib/gcc/arm-none-eabi/9.3.1/../../../../arm-none-eabi/lib/thumb/v7e-m+fp/hard\libm.a
LOAD c:/st/stm32cubeide_1.6.1/stm32cubeide/plugins/com.st.stm32cube.ide.mcu.externaltools.gnu-tools-for-stm32.9-2020-q2-update.win32_1.5.0.202011040924/tools/bin/../lib/gcc/arm-none-eabi/9.3.1/thumb/v7e-m+fp/hard\libgcc.a

.debug_info     0x0000000000000000     0x4e8f
 .debug_info    0x0000000000000000      0x7da Core/MyCode/button.o
 .debug_info    0x00000000000007da      0x331 Core/MyCode/gpio_ctrl.o
 .debug_info    0x0000000000000b0b      0x44e Core/MyCode/timer.o
 .debug_info    0x0000000000000f59      0x987 Core/Src/main.o
 .debug_info    0x00000000000018e0      0x299 Core/Src/stm32f3xx_hal_msp.o
 .debug_info    0x0000000000001b79      0x225 Core/Src/stm32f3xx_it.o
 .debug_info    0x0000000000001d9e      0x49a Core/Src/system_stm32f3xx.o
 .debug_info    0x0000000000002238       0x22 Core/Startup/startup_stm32f303vctx.o
 .debug_info    0x000000000000225a      0x83d Drivers/STM32F3xx_HAL_Driver/Src/stm32f3xx_hal.o
 .debug_info    0x0000000000002a97      0xe44 Drivers/STM32F3xx_HAL_Driver/Src/stm32f3xx_hal_cortex.o
 .debug_info    0x00000000000038db     0x15b4 Drivers/STM32F3xx_HAL_Driver/Src/stm32f3xx_hal_rcc.o

.debug_abbrev   0x0000000000000000     0x11a2
 .debug_abbrev  0x0000000000000000      0x1be Core/MyCode/button.o
 .debug_abbrev  0x00000000000001be      0x152 Core/MyCode/gpio_ctrl.o
 .debug_abbrev  0x0000000000000310      0x17d Core/MyCode/timer.o
 .debug_abbrev  0x000000000000048d      0x1f5 Core/Src/main.o
 .debug_abbrev  0x0000000000000682      0x11d Core/Src/stm32f3xx_hal_msp.o
 .debug_abbrev  0x000000000000079f       0xd2 Core/Src/stm32f3xx_it.o
 .debug_abbrev  0x0000000000000871      0x145 Core/Src/system_stm32f3xx.o
 .debug_abbrev  0x00000000000009b6       0x12 Core/Startup/startup_stm32f303vctx.o
 .debug_abbrev  0x00000000000009c8      0x1ed Drivers/STM32F3xx_HAL_Driver/Src/stm32f3xx_hal.o
 .debug_abbrev  0x0000000000000bb5      0x33c Drivers/STM32F3xx_HAL_Driver/Src/stm32f3xx_hal_cortex.o
 .debug_abbrev  0x0000000000000ef1      0x2b1 Drivers/STM32F3xx_HAL_Driver/Src/stm32f3xx_hal_rcc.o

.debug_aranges  0x0000000000000000      0x448
 .debug_aranges
                0x0000000000000000       0x38 Core/MyCode/button.o
 .debug_aranges
                0x0000000000000038       0x40 Core/MyCode/gpio_ctrl.o
 .debug_aranges
                0x0000000000000078       0x48 Core/MyCode/timer.o
 .debug_aranges
                0x00000000000000c0       0x38 Core/Src/main.o
 .debug_aranges
                0x00000000000000f8       0x20 Core/Src/stm32f3xx_hal_msp.o
 .debug_aranges
                0x0000000000000118       0x60 Core/Src/stm32f3xx_it.o
 .debug_aranges
                0x0000000000000178       0x28 Core/Src/system_stm32f3xx.o
 .debug_aranges
                0x00000000000001a0       0x28 Core/Startup/startup_stm32f303vctx.o
 .debug_aranges
                0x00000000000001c8       0xe0 Drivers/STM32F3xx_HAL_Driver/Src/stm32f3xx_hal.o
 .debug_aranges
                0x00000000000002a8      0x118 Drivers/STM32F3xx_HAL_Driver/Src/stm32f3xx_hal_cortex.o
 .debug_aranges
                0x00000000000003c0       0x88 Drivers/STM32F3xx_HAL_Driver/Src/stm32f3xx_hal_rcc.o

.debug_ranges   0x0000000000000000      0x3a0
 .debug_ranges  0x0000000000000000       0x28 Core/MyCode/button.o
 .debug_ranges  0x0000000000000028       0x30 Core/MyCode/gpio_ctrl.o
 .debug_ranges  0x0000000000000058       0x38 Core/MyCode/timer.o
 .debug_ranges  0x0000000000000090       0x28 Core/Src/main.o
 .debug_ranges  0x00000000000000b8       0x10 Core/Src/stm32f3xx_hal_msp.o
 .debug_ranges  0x00000000000000c8       0x50 Core/Src/stm32f3xx_it.o
 .debug_ranges  0x0000000000000118       0x18 Core/Src/system_stm32f3xx.o
 .debug_ranges  0x0000000000000130       0x20 Core/Startup/startup_stm32f303vctx.o
 .debug_ranges  0x0000000000000150       0xd0 Drivers/STM32F3xx_HAL_Driver/Src/stm32f3xx_hal.o
 .debug_ranges  0x0000000000000220      0x108 Drivers/STM32F3xx_HAL_Driver/Src/stm32f3xx_hal_cortex.o
 .debug_ranges  0x0000000000000328       0x78 Drivers/STM32F3xx_HAL_Driver/Src/stm32f3xx_hal_rcc.o

.debug_macro    0x0000000000000000    0x1b6f3
 .debug_macro   0x0000000000000000       0xe2 Core/MyCode/button.o
 .debug_macro   0x00000000000000e2      0xaa8 Core/MyCode/button.o
 .debug_macro   0x0000000000000b8a       0x28 Core/MyCode/button.o
 .debug_macro   0x0000000000000bb2       0x22 Core/MyCode/button.o
 .debug_macro   0x0000000000000bd4       0x8e Core/MyCode/button.o
 .debug_macro   0x0000000000000c62       0x51 Core/MyCode/button.o
 .debug_macro   0x0000000000000cb3      0x103 Core/MyCode/button.o
 .debug_macro   0x0000000000000db6       0x6a Core/MyCode/button.o
 .debug_macro   0x0000000000000e20      0x1df Core/MyCode/button.o
 .debug_macro   0x0000000000000fff       0x1c Core/MyCode/button.o
 .debug_macro   0x000000000000101b       0x22 Core/MyCode/button.o
 .debug_macro   0x000000000000103d       0xdf Core/MyCode/button.o
 .debug_macro   0x000000000000111c     0x102d Core/MyCode/button.o
 .debug_macro   0x0000000000002149      0x11f Core/MyCode/button.o
 .debug_macro   0x0000000000002268    0x12a3a Core/MyCode/button.o
 .debug_macro   0x0000000000014ca2       0x16 Core/MyCode/button.o
 .debug_macro   0x0000000000014cb8       0xc9 Core/MyCode/gpio_ctrl.o
 .debug_macro   0x0000000000014d81       0xe2 Core/MyCode/timer.o
 .debug_macro   0x0000000000014e63       0x10 Core/MyCode/timer.o
 .debug_macro   0x0000000000014e73      0x1da Core/Src/main.o
 .debug_macro   0x000000000001504d      0x14b Core/Src/main.o
 .debug_macro   0x0000000000015198       0x2e Core/Src/main.o
 .debug_macro   0x00000000000151c6       0x6d Core/Src/main.o
 .debug_macro   0x0000000000015233     0x3558 Core/Src/main.o
 .debug_macro   0x000000000001878b      0x174 Core/Src/main.o
 .debug_macro   0x00000000000188ff       0x55 Core/Src/main.o
 .debug_macro   0x0000000000018954      0x961 Core/Src/main.o
 .debug_macro   0x00000000000192b5      0x5fe Core/Src/main.o
 .debug_macro   0x00000000000198b3      0x1b5 Core/Src/main.o
 .debug_macro   0x0000000000019a68      0x1fb Core/Src/main.o
 .debug_macro   0x0000000000019c63      0x1dc Core/Src/main.o
 .debug_macro   0x0000000000019e3f      0x1bc Core/Src/main.o
 .debug_macro   0x0000000000019ffb       0x30 Core/Src/main.o
 .debug_macro   0x000000000001a02b       0x3c Core/Src/main.o
 .debug_macro   0x000000000001a067      0x235 Core/Src/main.o
 .debug_macro   0x000000000001a29c       0xc5 Core/Src/main.o
 .debug_macro   0x000000000001a361      0x21d Core/Src/main.o
 .debug_macro   0x000000000001a57e      0x22c Core/Src/main.o
 .debug_macro   0x000000000001a7aa       0x5b Core/Src/main.o
 .debug_macro   0x000000000001a805       0xa5 Core/Src/main.o
 .debug_macro   0x000000000001a8aa       0x81 Core/Src/main.o
 .debug_macro   0x000000000001a92b       0xd3 Core/Src/main.o
 .debug_macro   0x000000000001a9fe      0x275 Core/Src/main.o
 .debug_macro   0x000000000001ac73      0x1b9 Core/Src/stm32f3xx_hal_msp.o
 .debug_macro   0x000000000001ae2c      0x1c3 Core/Src/stm32f3xx_it.o
 .debug_macro   0x000000000001afef      0x1af Core/Src/system_stm32f3xx.o
 .debug_macro   0x000000000001b19e      0x1d3 Drivers/STM32F3xx_HAL_Driver/Src/stm32f3xx_hal.o
 .debug_macro   0x000000000001b371      0x1af Drivers/STM32F3xx_HAL_Driver/Src/stm32f3xx_hal_cortex.o
 .debug_macro   0x000000000001b520      0x1d3 Drivers/STM32F3xx_HAL_Driver/Src/stm32f3xx_hal_rcc.o

.debug_line     0x0000000000000000     0x54d0
 .debug_line    0x0000000000000000      0x521 Core/MyCode/button.o
 .debug_line    0x0000000000000521      0x514 Core/MyCode/gpio_ctrl.o
 .debug_line    0x0000000000000a35      0x525 Core/MyCode/timer.o
 .debug_line    0x0000000000000f5a      0x7c2 Core/Src/main.o
 .debug_line    0x000000000000171c      0x68e Core/Src/stm32f3xx_hal_msp.o
 .debug_line    0x0000000000001daa      0x750 Core/Src/stm32f3xx_it.o
 .debug_line    0x00000000000024fa      0x704 Core/Src/system_stm32f3xx.o
 .debug_line    0x0000000000002bfe       0x88 Core/Startup/startup_stm32f303vctx.o
 .debug_line    0x0000000000002c86      0x939 Drivers/STM32F3xx_HAL_Driver/Src/stm32f3xx_hal.o
 .debug_line    0x00000000000035bf      0xbfe Drivers/STM32F3xx_HAL_Driver/Src/stm32f3xx_hal_cortex.o
 .debug_line    0x00000000000041bd     0x1313 Drivers/STM32F3xx_HAL_Driver/Src/stm32f3xx_hal_rcc.o

.debug_str      0x0000000000000000    0xa4167
 .debug_str     0x0000000000000000    0x72597 Core/MyCode/button.o
                                      0x7287f (size before relaxing)
 .debug_str     0x0000000000072597       0x4e Core/MyCode/gpio_ctrl.o
                                      0x722f2 (size before relaxing)
 .debug_str     0x00000000000725e5       0x60 Core/MyCode/timer.o
                                      0x723b3 (size before relaxing)
 .debug_str     0x0000000000072645    0x30f9a Core/Src/main.o
                                      0xa3c8b (size before relaxing)
 .debug_str     0x00000000000a35df       0x33 Core/Src/stm32f3xx_hal_msp.o
                                      0xa35b9 (size before relaxing)
 .debug_str     0x00000000000a3612       0xbd Core/Src/stm32f3xx_it.o
                                      0xa35f0 (size before relaxing)
 .debug_str     0x00000000000a36cf       0xb3 Core/Src/system_stm32f3xx.o
                                      0xa3639 (size before relaxing)
 .debug_str     0x00000000000a3782       0x36 Core/Startup/startup_stm32f303vctx.o
                                         0x76 (size before relaxing)
 .debug_str     0x00000000000a37b8      0x31e Drivers/STM32F3xx_HAL_Driver/Src/stm32f3xx_hal.o
                                      0xa3dd5 (size before relaxing)
 .debug_str     0x00000000000a3ad6      0x369 Drivers/STM32F3xx_HAL_Driver/Src/stm32f3xx_hal_cortex.o
                                      0xa3ee3 (size before relaxing)
 .debug_str     0x00000000000a3e3f      0x328 Drivers/STM32F3xx_HAL_Driver/Src/stm32f3xx_hal_rcc.o
                                      0xa3aa7 (size before relaxing)

.comment        0x0000000000000000       0x53
 .comment       0x0000000000000000       0x53 Core/MyCode/button.o
                                         0x54 (size before relaxing)
 .comment       0x0000000000000053       0x54 Core/MyCode/gpio_ctrl.o
 .comment       0x0000000000000053       0x54 Core/MyCode/timer.o
 .comment       0x0000000000000053       0x54 Core/Src/main.o
 .comment       0x0000000000000053       0x54 Core/Src/stm32f3xx_hal_msp.o
 .comment       0x0000000000000053       0x54 Core/Src/stm32f3xx_it.o
 .comment       0x0000000000000053       0x54 Core/Src/system_stm32f3xx.o
 .comment       0x0000000000000053       0x54 Drivers/STM32F3xx_HAL_Driver/Src/stm32f3xx_hal.o
 .comment       0x0000000000000053       0x54 Drivers/STM32F3xx_HAL_Driver/Src/stm32f3xx_hal_cortex.o
 .comment       0x0000000000000053       0x54 Drivers/STM32F3xx_HAL_Driver/Src/stm32f3xx_hal_rcc.o

.debug_frame    0x0000000000000000      0xeac
 .debug_frame   0x0000000000000000       0x98 Core/MyCode/button.o
 .debug_frame   0x0000000000000098       0xd8 Core/MyCode/gpio_ctrl.o
 .debug_frame   0x0000000000000170       0xe8 Core/MyCode/timer.o
 .debug_frame   0x0000000000000258       0x94 Core/Src/main.o
 .debug_frame   0x00000000000002ec       0x38 Core/Src/stm32f3xx_hal_msp.o
 .debug_frame   0x0000000000000324      0x104 Core/Src/stm32f3xx_it.o
 .debug_frame   0x0000000000000428       0x58 Core/Src/system_stm32f3xx.o
 .debug_frame   0x0000000000000480      0x334 Drivers/STM32F3xx_HAL_Driver/Src/stm32f3xx_hal.o
 .debug_frame   0x00000000000007b4      0x498 Drivers/STM32F3xx_HAL_Driver/Src/stm32f3xx_hal_cortex.o
 .debug_frame   0x0000000000000c4c      0x214 Drivers/STM32F3xx_HAL_Driver/Src/stm32f3xx_hal_rcc.o
 .debug_frame   0x0000000000000e60       0x2c c:/st/stm32cubeide_1.6.1/stm32cubeide/plugins/com.st.stm32cube.ide.mcu.externaltools.gnu-tools-for-stm32.9-2020-q2-update.win32_1.5.0.202011040924/tools/bin/../lib/gcc/arm-none-eabi/9.3.1/../../../../arm-none-eabi/lib/thumb/v7e-m+fp/hard\libc_nano.a(lib_a-init.o)
 .debug_frame   0x0000000000000e8c       0x20 c:/st/stm32cubeide_1.6.1/stm32cubeide/plugins/com.st.stm32cube.ide.mcu.externaltools.gnu-tools-for-stm32.9-2020-q2-update.win32_1.5.0.202011040924/tools/bin/../lib/gcc/arm-none-eabi/9.3.1/../../../../arm-none-eabi/lib/thumb/v7e-m+fp/hard\libc_nano.a(lib_a-memset.o)
